Component: ARM Compiler 5.06 update 6 (build 750) Tool: armlink [4d35ed]

==============================================================================

Section Cross References

    main.o(i.esp_process_task) refers to queue.o(i.xQueueGenericReceive) for xQueueGenericReceive
    main.o(i.esp_process_task) refers to drv_esp12f.o(i.parse_esp_response) for parse_esp_response
    main.o(i.esp_process_task) refers to drv_esp12f.o(.data) for esp_rx_semaphore
    main.o(i.main) refers to misc.o(i.NVIC_PriorityGroupConfig) for NVIC_PriorityGroupConfig
    main.o(i.main) refers to tasks.o(i.xTaskCreate) for xTaskCreate
    main.o(i.main) refers to tasks.o(i.vTaskStartScheduler) for vTaskStartScheduler
    main.o(i.main) refers to main.o(i.vInitTask) for vInitTask
    main.o(i.vASRProTask) refers to queue.o(i.xQueueGenericReceive) for xQueueGenericReceive
    main.o(i.vASRProTask) refers to drv_led.o(i.drv_led_open) for drv_led_open
    main.o(i.vASRProTask) refers to drv_led.o(i.drv_led_close) for drv_led_close
    main.o(i.vASRProTask) refers to queue.o(i.xQueueGenericSend) for xQueueGenericSend
    main.o(i.vASRProTask) refers to drv_beep.o(i.drv_beep_open) for drv_beep_open
    main.o(i.vASRProTask) refers to drv_fan.o(i.drv_fan_open) for drv_fan_open
    main.o(i.vASRProTask) refers to drv_fan.o(i.drv_fan_close) for drv_fan_close
    main.o(i.vASRProTask) refers to drv_motor.o(i.drv_motor_open) for drv_motor_open
    main.o(i.vASRProTask) refers to drv_motor.o(i.drv_motor_close) for drv_motor_close
    main.o(i.vASRProTask) refers to drv_usart.o(.data) for xASRQueue
    main.o(i.vASRProTask) refers to drv_sg90.o(.data) for xServoQueue
    main.o(i.vDataUpdateTask) refers to drv_sht20.o(i.sht20_getdata) for sht20_getdata
    main.o(i.vDataUpdateTask) refers to 74hc595.o(i.drv_sht20_update) for drv_sht20_update
    main.o(i.vDataUpdateTask) refers to tasks.o(i.vTaskDelay) for vTaskDelay
    main.o(i.vDataUpdateTask) refers to drv_sht20.o(.data) for sht20_data
    main.o(i.vInitTask) refers to drv_led.o(i.drv_led_init) for drv_led_init
    main.o(i.vInitTask) refers to drv_beep.o(i.drv_beep_init) for drv_beep_init
    main.o(i.vInitTask) refers to drv_fan.o(i.drv_fan_init) for drv_fan_init
    main.o(i.vInitTask) refers to drv_motor.o(i.drv_motor_init) for drv_motor_init
    main.o(i.vInitTask) refers to drv_key.o(i.drv_key_init) for drv_key_init
    main.o(i.vInitTask) refers to drv_usart.o(i.drv_usart6_init) for drv_usart6_init
    main.o(i.vInitTask) refers to drv_usart.o(i.drv_usart3_init) for drv_usart3_init
    main.o(i.vInitTask) refers to queue.o(i.xQueueGenericCreate) for xQueueGenericCreate
    main.o(i.vInitTask) refers to drv_usart.o(i.drv_usart2_init) for drv_usart2_init
    main.o(i.vInitTask) refers to drv_timer.o(i.drv_timer3_init) for drv_timer3_init
    main.o(i.vInitTask) refers to drv_esp12f.o(i.send_next_cmd) for send_next_cmd
    main.o(i.vInitTask) refers to drv_timer.o(i.tim2_delay_init) for tim2_delay_init
    main.o(i.vInitTask) refers to drv_sht20.o(i.sht20_init) for sht20_init
    main.o(i.vInitTask) refers to 74hc595.o(i.drv_74hc595_init) for drv_74hc595_init
    main.o(i.vInitTask) refers to tasks.o(i.xTaskCreate) for xTaskCreate
    main.o(i.vInitTask) refers to tasks.o(i.vTaskDelete) for vTaskDelete
    main.o(i.vInitTask) refers to drv_esp12f.o(.data) for esp_rx_semaphore
    main.o(i.vInitTask) refers to main.o(.data) for current_state
    main.o(i.vInitTask) refers to drv_sg90.o(.data) for xServoQueue
    main.o(i.vInitTask) refers to main.o(i.esp_process_task) for esp_process_task
    main.o(i.vInitTask) refers to main.o(i.vASRProTask) for vASRProTask
    main.o(i.vInitTask) refers to main.o(i.vServoTask) for vServoTask
    main.o(i.vInitTask) refers to main.o(i.vSegScanTask) for vSegScanTask
    main.o(i.vInitTask) refers to main.o(i.vDataUpdateTask) for vDataUpdateTask
    main.o(i.vSegScanTask) refers to 74hc595.o(i.drv_seg_display) for drv_seg_display
    main.o(i.vSegScanTask) refers to tasks.o(i.vTaskDelay) for vTaskDelay
    main.o(i.vSegScanTask) refers to main.o(.data) for seg_index
    main.o(i.vSegScanTask) refers to 74hc595.o(.data) for disp_n1
    main.o(i.vServoTask) refers to queue.o(i.xQueueGenericReceive) for xQueueGenericReceive
    main.o(i.vServoTask) refers to drv_sg90.o(i.handle_stand) for handle_stand
    main.o(i.vServoTask) refers to drv_sg90.o(i.handle_sitdown) for handle_sitdown
    main.o(i.vServoTask) refers to drv_sg90.o(i.handle_forward) for handle_forward
    main.o(i.vServoTask) refers to drv_sg90.o(i.handle_backup) for handle_backup
    main.o(i.vServoTask) refers to drv_sg90.o(i.handle_bow) for handle_bow
    main.o(i.vServoTask) refers to drv_sg90.o(i.handle_lift_head) for handle_lift_head
    main.o(i.vServoTask) refers to tasks.o(i.vTaskDelay) for vTaskDelay
    main.o(i.vServoTask) refers to drv_sg90.o(.data) for servo_state
[...]
    i.iic_init                               0x080027e0   Section        0  drv_iic.o(i.iic_init)
    i.iic_start                              0x08002810   Section        0  drv_iic.o(i.iic_start)
    i.iic_stop                               0x08002850   Section        0  drv_iic.o(i.iic_stop)
    i.main                                   0x08002888   Section        0  main.o(i.main)
    i.parse_esp_response                     0x080028bc   Section        0  drv_esp12f.o(i.parse_esp_response)
    i.parse_tcp_command                      0x08002c04   Section        0  drv_esp12f.o(i.parse_tcp_command)
    i.prvAddCurrentTaskToDelayedList         0x08002f5c   Section        0  tasks.o(i.prvAddCurrentTaskToDelayedList)
    prvAddCurrentTaskToDelayedList           0x08002f5d   Thumb Code   124  tasks.o(i.prvAddCurrentTaskToDelayedList)
    i.prvAddNewTaskToReadyList               0x08002ff4   Section        0  tasks.o(i.prvAddNewTaskToReadyList)
    prvAddNewTaskToReadyList                 0x08002ff5   Thumb Code   156  tasks.o(i.prvAddNewTaskToReadyList)
    i.prvCheckForValidListAndQueue           0x080030ac   Section        0  timers.o(i.prvCheckForValidListAndQueue)
    prvCheckForValidListAndQueue             0x080030ad   Thumb Code    72  timers.o(i.prvCheckForValidListAndQueue)
    i.prvCheckTasksWaitingTermination        0x08003110   Section        0  tasks.o(i.prvCheckTasksWaitingTermination)
    prvCheckTasksWaitingTermination          0x08003111   Thumb Code    86  tasks.o(i.prvCheckTasksWaitingTermination)
    i.prvCopyDataFromQueue                   0x08003174   Section        0  queue.o(i.prvCopyDataFromQueue)
    prvCopyDataFromQueue                     0x08003175   Thumb Code    42  queue.o(i.prvCopyDataFromQueue)
    i.prvCopyDataToQueue                     0x0800319e   Section        0  queue.o(i.prvCopyDataToQueue)
    prvCopyDataToQueue                       0x0800319f   Thumb Code   124  queue.o(i.prvCopyDataToQueue)
    i.prvDeleteTCB                           0x0800321a   Section        0  tasks.o(i.prvDeleteTCB)
    prvDeleteTCB                             0x0800321b   Thumb Code    18  tasks.o(i.prvDeleteTCB)
    i.prvGetNextExpireTime                   0x0800322c   Section        0  timers.o(i.prvGetNextExpireTime)
    prvGetNextExpireTime                     0x0800322d   Thumb Code    36  timers.o(i.prvGetNextExpireTime)
    i.prvHeapInit                            0x08003254   Section        0  heap_4.o(i.prvHeapInit)
    prvHeapInit                              0x08003255   Thumb Code    98  heap_4.o(i.prvHeapInit)
    i.prvIdleTask                            0x080032d0   Section        0  tasks.o(i.prvIdleTask)
    prvIdleTask                              0x080032d1   Thumb Code    32  tasks.o(i.prvIdleTask)
    i.prvInitialiseNewQueue                  0x080032f8   Section        0  queue.o(i.prvInitialiseNewQueue)
    prvInitialiseNewQueue                    0x080032f9   Thumb Code    42  queue.o(i.prvInitialiseNewQueue)
    i.prvInitialiseNewTask                   0x08003322   Section        0  tasks.o(i.prvInitialiseNewTask)
    prvInitialiseNewTask                     0x08003323   Thumb Code   180  tasks.o(i.prvInitialiseNewTask)
    i.prvInitialiseTaskLists                 0x080033d8   Section        0  tasks.o(i.prvInitialiseTaskLists)
    prvInitialiseTaskLists                   0x080033d9   Thumb Code    70  tasks.o(i.prvInitialiseTaskLists)
    i.prvInsertBlockIntoFreeList             0x08003440   Section        0  heap_4.o(i.prvInsertBlockIntoFreeList)
    prvInsertBlockIntoFreeList               0x08003441   Thumb Code    96  heap_4.o(i.prvInsertBlockIntoFreeList)
    i.prvInsertTimerInActiveList             0x080034a8   Section        0  timers.o(i.prvInsertTimerInActiveList)
    prvInsertTimerInActiveList               0x080034a9   Thumb Code    80  timers.o(i.prvInsertTimerInActiveList)
    i.prvIsQueueEmpty                        0x08003500   Section        0  queue.o(i.prvIsQueueEmpty)
    prvIsQueueEmpty                          0x08003501   Thumb Code    26  queue.o(i.prvIsQueueEmpty)
    i.prvIsQueueFull                         0x0800351a   Section        0  queue.o(i.prvIsQueueFull)
    prvIsQueueFull                           0x0800351b   Thumb Code    30  queue.o(i.prvIsQueueFull)
    i.prvProcessExpiredTimer                 0x08003538   Section        0  timers.o(i.prvProcessExpiredTimer)
    prvProcessExpiredTimer                   0x08003539   Thumb Code    94  timers.o(i.prvProcessExpiredTimer)
    i.prvProcessReceivedCommands             0x0800359c   Section        0  timers.o(i.prvProcessReceivedCommands)
    prvProcessReceivedCommands               0x0800359d   Thumb Code   242  timers.o(i.prvProcessReceivedCommands)
    i.prvProcessTimerOrBlockTask             0x08003694   Section        0  timers.o(i.prvProcessTimerOrBlockTask)
    prvProcessTimerOrBlockTask               0x08003695   Thumb Code   102  timers.o(i.prvProcessTimerOrBlockTask)
    i.prvResetNextTaskUnblockTime            0x08003708   Section        0  tasks.o(i.prvResetNextTaskUnblockTime)
    prvResetNextTaskUnblockTime              0x08003709   Thumb Code    42  tasks.o(i.prvResetNextTaskUnblockTime)
    i.prvSampleTimeNow                       0x0800373c   Section        0  timers.o(i.prvSampleTimeNow)
    prvSampleTimeNow                         0x0800373d   Thumb Code    40  timers.o(i.prvSampleTimeNow)
    i.prvSwitchTimerLists                    0x08003768   Section        0  timers.o(i.prvSwitchTimerLists)
    prvSwitchTimerLists                      0x08003769   Thumb Code   150  timers.o(i.prvSwitchTimerLists)
    i.prvTaskExitError                       0x08003808   Section        0  port.o(i.prvTaskExitError)
    prvTaskExitError                         0x08003809   Thumb Code    60  port.o(i.prvTaskExitError)
    i.prvTimerTask                           0x08003848   Section        0  timers.o(i.prvTimerTask)
    prvTimerTask                             0x08003849   Thumb Code    26  timers.o(i.prvTimerTask)
    i.prvUnlockQueue                         0x08003862   Section        0  queue.o(i.prvUnlockQueue)
    prvUnlockQueue                           0x08003863   Thumb Code   126  queue.o(i.prvUnlockQueue)
    i.pvPortMalloc                           0x080038e0   Section        0  heap_4.o(i.pvPortMalloc)
    i.pvTaskIncrementMutexHeldCount          0x08003a1c   Section        0  tasks.o(i.pvTaskIncrementMutexHeldCount)
    i.pxPortInitialiseStack                  0x08003a3c   Section        0  port.o(i.pxPortInitialiseStack)
    i.read_data                              0x08003a68   Section        0  drv_iic.o(i.read_data)
    i.sda_in                                 0x08003ad0   Section        0  drv_iic.o(i.sda_in)
    i.sda_out                                0x08003af0   Section        0  drv_iic.o(i.sda_out)
    i.send_ACK                               0x08003b1c   Section        0  drv_iic.o(i.send_ACK)
    i.send_NOACK                             0x08003b50   Section        0  drv_iic.o(i.send_NOACK)
    i.send_data                              0x08003b84   Section        0  drv_iic.o(i.send_data)
    i.send_next_cmd                          0x08003be0   Section        0  drv_esp12f.o(i.send_next_cmd)
    i.send_voice_hex                         0x08003cd0   Section        0  drv_asrpro.o(i.send_voice_hex)
    i.sht20_getdata                          0x08003cec   Section        0  drv_sht20.o(i.sht20_getdata)
    i.sht20_init                             0x08003d90   Section        0  drv_sht20.o(i.sht20_init)
    i.sht20_read                             0x08003d98   Section        0  drv_sht20.o(i.sht20_read)
    i.tim2_delay_init                        0x08003e10   Section        0  drv_timer.o(i.tim2_delay_init)
    i.usart_sendstr                          0x08003e46   Section        0  drv_usart.o(i.usart_sendstr)
    i.uxListRemove                           0x08003e8a   Section        0  list.o(i.uxListRemove)
    i.vASRProTask                            0x08003eb4   Section        0  main.o(i.vASRProTask)
    vASRProTask                              0x08003eb5   Thumb Code   128  main.o(i.vASRProTask)
    i.vDataUpdateTask                        0x08003f3c   Section        0  main.o(i.vDataUpdateTask)
    vDataUpdateTask                          0x08003f3d   Thumb Code    30  main.o(i.vDataUpdateTask)
    i.vInitTask                              0x08003f60   Section        0  main.o(i.vInitTask)
    vInitTask                                0x08003f61   Thumb Code   248  main.o(i.vInitTask)
    i.vListInitialise                        0x080040b0   Section        0  list.o(i.vListInitialise)
    i.vListInitialiseItem                    0x080040ca   Section        0  list.o(i.vListInitialiseItem)
    i.vListInsert                            0x080040d0   Section        0  list.o(i.vListInsert)
    i.vListInsertEnd                         0x08004104   Section        0  list.o(i.vListInsertEnd)
    i.vPortEnterCritical                     0x0800411c   Section        0  port.o(i.vPortEnterCritical)
    i.vPortExitCritical                      0x08004170   Section        0  port.o(i.vPortExitCritical)
    i.vPortFree                              0x080041ac   Section        0  heap_4.o(i.vPortFree)
    i.vPortSetupTimerInterrupt               0x08004240   Section        0  port.o(i.vPortSetupTimerInterrupt)
    i.vPortValidateInterruptPriority         0x08004260   Section        0  port.o(i.vPortValidateInterruptPriority)
    i.vQueueAddToRegistry                    0x080042d8   Section        0  queue.o(i.vQueueAddToRegistry)
    i.vQueueWaitForMessageRestricted         0x08004304   Section        0  queue.o(i.vQueueWaitForMessageRestricted)
    i.vSegScanTask                           0x08004350   Section        0  main.o(i.vSegScanTask)
    vSegScanTask                             0x08004351   Thumb Code   160  main.o(i.vSegScanTask)
    i.vServoTask                             0x08004418   Section        0  main.o(i.vServoTask)
    vServoTask                               0x08004419   Thumb Code   136  main.o(i.vServoTask)
    i.vTaskDelay                             0x080044a8   Section        0  tasks.o(i.vTaskDelay)
    i.vTaskDelete                            0x08004504   Section        0  tasks.o(i.vTaskDelete)
    i.vTaskMissedYield                       0x080045f8   Section        0  tasks.o(i.vTaskMissedYield)
    i.vTaskPlaceOnEventList                  0x08004604   Section        0  tasks.o(i.vTaskPlaceOnEventList)
    i.vTaskPlaceOnEventListRestricted        0x0800463c   Section        0  tasks.o(i.vTaskPlaceOnEventListRestricted)
    i.vTaskPriorityInherit                   0x0800467c   Section        0  tasks.o(i.vTaskPriorityInherit)
    i.vTaskSetTimeOutState                   0x0800472c   Section        0  tasks.o(i.vTaskSetTimeOutState)
    i.vTaskStartScheduler                    0x0800475c   Section        0  tasks.o(i.vTaskStartScheduler)
    i.vTaskSuspendAll                        0x080047f0   Section        0  tasks.o(i.vTaskSuspendAll)
    i.vTaskSwitchContext                     0x08004800   Section        0  tasks.o(i.vTaskSwitchContext)
    i.wait_ACK                               0x0800488c   Section        0  drv_iic.o(i.wait_ACK)
    i.xPortStartScheduler                    0x080048d4   Section        0  port.o(i.xPortStartScheduler)
    i.xQueueGenericCreate                    0x08004a10   Section        0  queue.o(i.xQueueGenericCreate)
    i.xQueueGenericReceive                   0x08004a68   Section        0  queue.o(i.xQueueGenericReceive)
    i.xQueueGenericReset                     0x08004c2c   Section        0  queue.o(i.xQueueGenericReset)
    i.xQueueGenericSend                      0x08004cc4   Section        0  queue.o(i.xQueueGenericSend)
    i.xQueueGenericSendFromISR               0x08004e6c   Section        0  queue.o(i.xQueueGenericSendFromISR)
    i.xQueueGiveFromISR                      0x08004f64   Section        0  queue.o(i.xQueueGiveFromISR)
    i.xTaskCheckForTimeOut                   0x08005044   Section        0  tasks.o(i.xTaskCheckForTimeOut)
    i.xTaskCreate                            0x080050d0   Section        0  tasks.o(i.xTaskCreate)
    i.xTaskGetSchedulerState                 0x08005130   Section        0  tasks.o(i.xTaskGetSchedulerState)
    i.xTaskGetTickCount                      0x08005150   Section        0  tasks.o(i.xTaskGetTickCount)
    i.xTaskIncrementTick                     0x0800515c   Section        0  tasks.o(i.xTaskIncrementTick)
    i.xTaskPriorityDisinherit                0x080052a4   Section        0  tasks.o(i.xTaskPriorityDisinherit)
    i.xTaskRemoveFromEventList               0x0800536c   Section        0  tasks.o(i.xTaskRemoveFromEventList)
    i.xTaskResumeAll                         0x08005404   Section        0  tasks.o(i.xTaskResumeAll)
    i.xTimerCreateTimerTask                  0x08005508   Section        0  timers.o(i.xTimerCreateTimerTask)
    i.xTimerGenericCommand                   0x08005560   Section        0  timers.o(i.xTimerGenericCommand)
    .conststring                             0x080055e4   Section      184  drv_esp12f.o(.conststring)
    .data                                    0x10000000   Section        6  main.o(.data)
    .data                                    0x10000008   Section       17  stm32f4xx_it.o(.data)
    .data                                    0x1000001c   Section        8  drv_systick.o(.data)
    fs_ms                                    0x1000001c   Data           2  drv_systick.o(.data)
    fs_us                                    0x1000001e   Data           2  drv_systick.o(.data)
    .data                                    0x10000024   Section        4  drv_usart.o(.data)
    .data                                    0x10000028   Section       76  drv_esp12f.o(.data)
    .data                                    0x10000074   Section        4  74hc595.o(.data)
    .data                                    0x10000078   Section        8  drv_sht20.o(.data)
    .data                                    0x10000080   Section        2  drv_asrpro.o(.data)
    .data                                    0x10000084   Section       15  drv_sg90.o(.data)
    .data                                    0x10000094   Section       20  system_stm32f4xx.o(.data)
    .data                                    0x100000a8   Section       16  stm32f4xx_rcc.o(.data)
    APBAHBPrescTable                         0x100000a8   Data          16  stm32f4xx_rcc.o(.data)
    .data                                    0x100000b8   Section       60  tasks.o(.data)
    pxDelayedTaskList                        0x100000bc   Data           4  tasks.o(.data)
    pxOverflowDelayedTaskList                0x100000c0   Data           4  tasks.o(.data)
    uxDeletedTasksWaitingCleanUp             0x100000c4   Data           4  tasks.o(.data)
    uxCurrentNumberOfTasks                   0x100000c8   Data           4  tasks.o(.data)
    xTickCount                               0x100000cc   Data           4  tasks.o(.data)
    uxTopReadyPriority                       0x100000d0   Data           4  tasks.o(.data)
    xSchedulerRunning                        0x100000d4   Data           4  tasks.o(.data)
    uxPendedTicks                            0x100000d8   Data           4  tasks.o(.data)
    xYieldPending                            0x100000dc   Data           4  tasks.o(.data)
    xNumOfOverflows                          0x100000e0   Data           4  tasks.o(.data)
    uxTaskNumber                             0x100000e4   Data           4  tasks.o(.data)
    xNextTaskUnblockTime                     0x100000e8   Data           4  tasks.o(.data)
    xIdleTaskHandle                          0x100000ec   Data           4  tasks.o(.data)
    uxSchedulerSuspended                     0x100000f0   Data           4  tasks.o(.data)
    .data                                    0x100000f4   Section       20  timers.o(.data)
    pxCurrentTimerList                       0x100000f4   Data           4  timers.o(.data)
    pxOverflowTimerList                      0x100000f8   Data           4  timers.o(.data)
    xTimerQueue                              0x100000fc   Data           4  timers.o(.data)
    xTimerTaskHandle                         0x10000100   Data           4  timers.o(.data)
    xLastTime                                0x10000104   Data           4  timers.o(.data)
    .data                                    0x10000108   Section       24  heap_4.o(.data)
    xStart                                   0x10000108   Data           8  heap_4.o(.data)
    pxEnd                                    0x10000110   Data           4  heap_4.o(.data)
    xFreeBytesRemaining                      0x10000114   Data           4  heap_4.o(.data)
    xMinimumEverFreeBytesRemaining           0x10000118   Data           4  heap_4.o(.data)
    xBlockAllocatedBit                       0x1000011c   Data           4  heap_4.o(.data)
    .data                                    0x10000120   Section       12  port.o(.data)
    uxCriticalNesting                        0x10000120   Data           4  port.o(.data)
    ucMaxSysCallPriority                     0x10000124   Data           1  port.o(.data)
    ulMaxPRIGROUPValue                       0x10000128   Data           4  port.o(.data)
    .data                                    0x1000012c   Section        4  stdout.o(.data)
    .bss                                     0x10000130   Section       62  stm32f4xx_it.o(.bss)
    .bss                                     0x1000016e   Section      256  drv_esp12f.o(.bss)
    .bss                                     0x10000270   Section       64  queue.o(.bss)
    .bss                                     0x100002b0   Section      200  tasks.o(.bss)
    pxReadyTasksLists                        0x100002b0   Data         100  tasks.o(.bss)
    xDelayedTaskList1                        0x10000314   Data          20  tasks.o(.bss)
    xDelayedTaskList2                        0x10000328   Data          20  tasks.o(.bss)
    xPendingReadyList                        0x1000033c   Data          20  tasks.o(.bss)
    xTasksWaitingTermination                 0x10000350   Data          20  tasks.o(.bss)
    xSuspendedTaskList                       0x10000364   Data          20  tasks.o(.bss)
    .bss                                     0x10000378   Section       40  timers.o(.bss)
    xActiveTimerList1                        0x10000378   Data          20  timers.o(.bss)
    xActiveTimerList2                        0x1000038c   Data          20  timers.o(.bss)
    STACK                                    0x100003a0   Section     1024  startup_stm32f40_41xxx.o(STACK)
    .bss                                     0x20000000   Section    76800  heap_4.o(.bss)
    ucHeap                                   0x20000000   Data       76800  heap_4.o(.bss)

    Global Symbols

    Symbol Name                              Value     Ov Type        Size  Object(Section)

    BuildAttributes$$THM_ISAv4$E$P$D$K$B$S$7EM$VFPi3$EXTD16$VFPS$VFMA$PE$A:L22UL41UL21$X:L11$S22US41US21$IEEE1$IW$USESV6$~STKCKD$USESV7$~SHL$OTIME$ROPI$EBA8$MICROLIB$REQ8$PRES8$EABIv2 0x00000000   Number         0  anon$$obj.o ABSOLUTE
    __ARM_use_no_argv                        0x00000000   Number         0  main.o ABSOLUTE
    _printf_a                                0x00000000   Number         0  stubs.o ABSOLUTE
    _printf_c                                0x00000000   Number         0  stubs.o ABSOLUTE
    _printf_charcount                        0x00000000   Number         0  stubs.o ABSOLUTE
    _printf_d                                0x00000000   Number         0  stubs.o ABSOLUTE
    _printf_e                                0x00000000   Number         0  stubs.o ABSOLUTE
    _printf_f                                0x00000000   Number         0  stubs.o ABSOLUTE
    _printf_flags                            0x00000000   Number         0  stubs.o ABSOLUTE
    _printf_fp_dec                           0x00000000   Number         0  stubs.o ABSOLUTE
    _printf_fp_hex                           0x00000000   Number         0  stubs.o ABSOLUTE
    _printf_g                                0x00000000   Number         0  stubs.o ABSOLUTE
    _printf_i                                0x00000000   Number         0  stubs.o ABSOLUTE
    _printf_int_dec                          0x00000000   Number         0  stubs.o ABSOLUTE
    _printf_l                                0x00000000   Number         0  stubs.o ABSOLUTE
    _printf_lc                               0x00000000   Number         0  stubs.o ABSOLUTE
    _printf_ll                               0x00000000   Number         0  stubs.o ABSOLUTE
    _printf_lld                              0x00000000   Number         0  stubs.o ABSOLUTE
    _printf_lli                              0x00000000   Number         0  stubs.o ABSOLUTE
    _printf_llo                              0x00000000   Number         0  stubs.o ABSOLUTE
    _printf_llu                              0x00000000   Number         0  stubs.o ABSOLUTE
    _printf_llx                              0x00000000   Number         0  stubs.o ABSOLUTE
    _printf_longlong_dec                     0x00000000   Number         0  stubs.o ABSOLUTE
    _printf_longlong_hex                     0x00000000   Number         0  stubs.o ABSOLUTE
    _printf_longlong_oct                     0x00000000   Number         0  stubs.o ABSOLUTE
    _printf_ls                               0x00000000   Number         0  stubs.o ABSOLUTE
    _printf_mbtowc                           0x00000000   Number         0  stubs.o ABSOLUTE
    _printf_n                                0x00000000   Number         0  stubs.o ABSOLUTE
    _printf_o                                0x00000000   Number         0  stubs.o ABSOLUTE
    _printf_p                                0x00000000   Number         0  stubs.o ABSOLUTE
    _printf_percent                          0x00000000   Number         0  stubs.o ABSOLUTE
    _printf_pre_padding                      0x00000000   Number         0  stubs.o ABSOLUTE
    _printf_return_value                     0x00000000   Number         0  stubs.o ABSOLUTE
    _printf_s                                0x00000000   Number         0  stubs.o ABSOLUTE
    _printf_sizespec                         0x00000000   Number         0  stubs.o ABSOLUTE
    _printf_str                              0x00000000   Number         0  stubs.o ABSOLUTE
    _printf_truncate_signed                  0x00000000   Number         0  stubs.o ABSOLUTE
    _printf_truncate_unsigned                0x00000000   Number         0  stubs.o ABSOLUTE
    _printf_u                                0x00000000   Number         0  stubs.o ABSOLUTE
    _printf_wc                               0x00000000   Number         0  stubs.o ABSOLUTE
    _printf_wctomb                           0x00000000   Number         0  stubs.o ABSOLUTE
    _printf_widthprec                        0x00000000   Number         0  stubs.o ABSOLUTE
    _printf_x                                0x00000000   Number         0  stubs.o ABSOLUTE
    __cpp_initialize__aeabi_                  - Undefined Weak Reference
    __cxa_finalize                            - Undefined Weak Reference
    _clock_init                               - Undefined Weak Reference
    _microlib_exit                            - Undefined Weak Reference
    __Vectors_Size                           0x00000188   Number         0  startup_stm32f40_41xxx.o ABSOLUTE
    __Vectors                                0x08000000   Data           4  startup_stm32f40_41xxx.o(RESET)
    __Vectors_End                            0x08000188   Data           0  startup_stm32f40_41xxx.o(RESET)
    __main                                   0x08000189   Thumb Code     0  entry.o(.ARM.Collect$$$$00000000)
    _main_stk                                0x08000189   Thumb Code     0  entry2.o(.ARM.Collect$$$$00000001)
    _main_scatterload                        0x0800018d   Thumb Code     0  entry5.o(.ARM.Collect$$$$00000004)
    __main_after_scatterload                 0x08000191   Thumb Code     0  entry5.o(.ARM.Collect$$$$00000004)
    _main_clock                              0x08000191   Thumb Code     0  entry7b.o(.ARM.Collect$$$$00000008)
    _main_cpp_init                           0x08000191   Thumb Code     0  entry8b.o(.ARM.Collect$$$$0000000A)
    _main_init                               0x08000191   Thumb Code     0  entry9a.o(.ARM.Collect$$$$0000000B)
    __rt_final_cpp                           0x08000199   Thumb Code     0  entry10a.o(.ARM.Collect$$$$0000000D)
    __rt_final_exit                          0x08000199   Thumb Code     0  entry11a.o(.ARM.Collect$$$$0000000F)
    SVC_Handler                              0x0800019d   Thumb Code    28  port.o(.emb_text)
    __asm___6_port_c_39a90d8d__prvStartFirstTask 0x080001bd   Thumb Code    28  port.o(.emb_text)
    __asm___6_port_c_39a90d8d__prvEnableVFP  0x080001dd   Thumb Code    16  port.o(.emb_text)
    PendSV_Handler                           0x080001f1   Thumb Code    88  port.o(.emb_text)
    vPortGetIPSR                             0x0800024d   Thumb Code     6  port.o(.emb_text)
    Reset_Handler                            0x08000255   Thumb Code     8  startup_stm32f40_41xxx.o(.text)
    ADC_IRQHandler                           0x0800026f   Thumb Code     0  startup_stm32f40_41xxx.o(.text)
    CAN1_RX0_IRQHandler                      0x0800026f   Thumb Code     0  startup_stm32f40_41xxx.o(.text)
    CAN1_RX1_IRQHandler                      0x0800026f   Thumb Code     0  startup_stm32f40_41xxx.o(.text)
    CAN1_SCE_IRQHandler                      0x0800026f   Thumb Code     0  startup_stm32f40_41xxx.o(.text)
    CAN1_TX_IRQHandler                       0x0800026f   Thumb Code     0  startup_stm32f40_41xxx.o(.text)
    CAN2_RX0_IRQHandler                      0x0800026f   Thumb Code     0  startup_stm32f40_41xxx.o(.text)
    CAN2_RX1_IRQHandler                      0x0800026f   Thumb Code     0  startup_stm32f40_41xxx.o(.text)
    CAN2_SCE_IRQHandler                      0x0800026f   Thumb Code     0  startup_stm32f40_41xxx.o(.text)
    CAN2_TX_IRQHandler                       0x0800026f   Thumb Code     0  startup_stm32f40_41xxx.o(.text)
    CRYP_IRQHandler                          0x0800026f   Thumb Code     0  startup_stm32f40_41xxx.o(.text)
    DCMI_IRQHandler                          0x0800026f   Thumb Code     0  startup_stm32f40_41xxx.o(.text)
    DMA1_Stream0_IRQHandler                  0x0800026f   Thumb Code     0  startup_stm32f40_41xxx.o(.text)
    DMA1_Stream1_IRQHandler                  0x0800026f   Thumb Code     0  startup_stm32f40_41xxx.o(.text)
    DMA1_Stream2_IRQHandler                  0x0800026f   Thumb Code     0  startup_stm32f40_41xxx.o(.text)
    DMA1_Stream3_IRQHandler                  0x0800026f   Thumb Code     0  startup_stm32f40_41xxx.o(.text)
    DMA1_Stream4_IRQHandler                  0x0800026f   Thumb Code     0  startup_stm32f40_41xxx.o(.text)
    DMA1_Stream5_IRQHandler                  0x0800026f   Thumb Code     0  startup_stm32f40_41xxx.o(.text)
    DMA1_Stream6_IRQHandler                  0x0800026f   Thumb Code     0  startup_stm32f40_41xxx.o(.text)
    DMA1_Stream7_IRQHandler                  0x0800026f   Thumb Code     0  startup_stm32f40_41xxx.o(.text)
    DMA2_Stream0_IRQHandler                  0x0800026f   Thumb Code     0  startup_stm32f40_41xxx.o(.text)
    DMA2_Stream1_IRQHandler                  0x0800026f   Thumb Code     0  startup_stm32f40_41xxx.o(.text)
    DMA2_Stream2_IRQHandler                  0x0800026f   Thumb Code     0  startup_stm32f40_41xxx.o(.text)
    DMA2_Stream3_IRQHandler                  0x0800026f   Thumb Code     0  startup_stm32f40_41xxx.o(.text)
    DMA2_Stream4_IRQHandler                  0x0800026f   Thumb Code     0  startup_stm32f40_41xxx.o(.text)
    DMA2_Stream5_IRQHandler                  0x0800026f   Thumb Code     0  startup_stm32f40_41xxx.o(.text)
    DMA2_Stream6_IRQHandler                  0x0800026f   Thumb Code     0  startup_stm32f40_41xxx.o(.text)
    DMA2_Stream7_IRQHandler                  0x0800026f   Thumb Code     0  startup_stm32f40_41xxx.o(.text)
    ETH_IRQHandler                           0x0800026f   Thumb Code     0  startup_stm32f40_41xxx.o(.text)
    ETH_WKUP_IRQHandler                      0x0800026f   Thumb Code     0  startup_stm32f40_41xxx.o(.text)
    EXTI0_IRQHandler                         0x0800026f   Thumb Code     0  startup_stm32f40_41xxx.o(.text)
    EXTI15_10_IRQHandler                     0x0800026f   Thumb Code     0  startup_stm32f40_41xxx.o(.text)
    EXTI1_IRQHandler                         0x0800026f   Thumb Code     0  startup_stm32f40_41xxx.o(.text)
    EXTI2_IRQHandler                         0x0800026f   Thumb Code     0  startup_stm32f40_41xxx.o(.text)
    EXTI3_IRQHandler                         0x0800026f   Thumb Code     0  startup_stm32f40_41xxx.o(.text)
    EXTI4_IRQHandler                         0x0800026f   Thumb Code     0  startup_stm32f40_41xxx.o(.text)
    EXTI9_5_IRQHandler                       0x0800026f   Thumb Code     0  startup_stm32f40_41xxx.o(.text)
    FLASH_IRQHandler                         0x0800026f   Thumb Code     0  startup_stm32f40_41xxx.o(.text)
    FPU_IRQHandler                           0x0800026f   Thumb Code     0  startup_stm32f40_41xxx.o(.text)
    FSMC_IRQHandler                          0x0800026f   Thumb Code     0  startup_stm32f40_41xxx.o(.text)
    HASH_RNG_IRQHandler                      0x0800026f   Thumb Code     0  startup_stm32f40_41xxx.o(.text)
    I2C1_ER_IRQHandler                       0x0800026f   Thumb Code     0  startup_stm32f40_41xxx.o(.text)
    I2C1_EV_IRQHandler                       0x0800026f   Thumb Code     0  startup_stm32f40_41xxx.o(.text)
    I2C2_ER_IRQHandler                       0x0800026f   Thumb Code     0  startup_stm32f40_41xxx.o(.text)
    I2C2_EV_IRQHandler                       0x0800026f   Thumb Code     0  startup_stm32f40_41xxx.o(.text)
    I2C3_ER_IRQHandler                       0x0800026f   Thumb Code     0  startup_stm32f40_41xxx.o(.text)
    I2C3_EV_IRQHandler                       0x0800026f   Thumb Code     0  startup_stm32f40_41xxx.o(.text)
    OTG_FS_IRQHandler                        0x0800026f   Thumb Code     0  startup_stm32f40_41xxx.o(.text)
    OTG_FS_WKUP_IRQHandler                   0x0800026f   Thumb Code     0  startup_stm32f40_41xxx.o(.text)
    OTG_HS_EP1_IN_IRQHandler                 0x0800026f   Thumb Code     0  startup_stm32f40_41xxx.o(.text)
    OTG_HS_EP1_OUT_IRQHandler                0x0800026f   Thumb Code     0  startup_stm32f40_41xxx.o(.text)
    OTG_HS_IRQHandler                        0x0800026f   Thumb Code     0  startup_stm32f40_41xxx.o(.text)
    OTG_HS_WKUP_IRQHandler                   0x0800026f   Thumb Code     0  startup_stm32f40_41xxx.o(.text)
    PVD_IRQHandler                           0x0800026f   Thumb Code     0  startup_stm32f40_41xxx.o(.text)
    RCC_IRQHandler                           0x0800026f   Thumb Code     0  startup_stm32f40_41xxx.o(.text)
    RTC_Alarm_IRQHandler                     0x0800026f   Thumb Code     0  startup_stm32f40_41xxx.o(.text)
    RTC_WKUP_IRQHandler                      0x0800026f   Thumb Code     0  startup_stm32f40_41xxx.o(.text)
    SDIO_IRQHandler                          0x0800026f   Thumb Code     0  startup_stm32f40_41xxx.o(.text)
    SPI1_IRQHandler                          0x0800026f   Thumb Code     0  startup_stm32f40_41xxx.o(.text)
    SPI2_IRQHandler                          0x0800026f   Thumb Code     0  startup_stm32f40_41xxx.o(.text)
    SPI3_IRQHandler                          0x0800026f   Thumb Code     0  startup_stm32f40_41xxx.o(.text)
    TAMP_STAMP_IRQHandler                    0x0800026f   Thumb Code     0  startup_stm32f40_41xxx.o(.text)
    TIM1_BRK_TIM9_IRQHandler                 0x0800026f   Thumb Code     0  startup_stm32f40_41xxx.o(.text)
    TIM1_CC_IRQHandler                       0x0800026f   Thumb Code     0  startup_stm32f40_41xxx.o(.text)
    TIM1_TRG_COM_TIM11_IRQHandler            0x0800026f   Thumb Code     0  startup_stm32f40_41xxx.o(.text)
    TIM1_UP_TIM10_IRQHandler                 0x0800026f   Thumb Code     0  startup_stm32f40_41xxx.o(.text)
    TIM2_IRQHandler                          0x0800026f   Thumb Code     0  startup_stm32f40_41xxx.o(.text)
    TIM3_IRQHandler                          0x0800026f   Thumb Code     0  startup_stm32f40_41xxx.o(.text)
    TIM4_IRQHandler                          0x0800026f   Thumb Code     0  startup_stm32f40_41xxx.o(.text)
    TIM5_IRQHandler                          0x0800026f   Thumb Code     0  startup_stm32f40_41xxx.o(.text)
    TIM6_DAC_IRQHandler                      0x0800026f   Thumb Code     0  startup_stm32f40_41xxx.o(.text)
    TIM7_IRQHandler                          0x0800026f   Thumb Code     0  startup_stm32f40_41xxx.o(.text)
    TIM8_BRK_TIM12_IRQHandler                0x0800026f   Thumb Code     0  startup_stm32f40_41xxx.o(.text)
    TIM8_CC_IRQHandler                       0x0800026f   Thumb Code     0  startup_stm32f40_41xxx.o(.text)
    TIM8_TRG_COM_TIM14_IRQHandler            0x0800026f   Thumb Code     0  startup_stm32f40_41xxx.o(.text)
    TIM8_UP_TIM13_IRQHandler                 0x0800026f   Thumb Code     0  startup_stm32f40_41xxx.o(.text)
    UART4_IRQHandler                         0x0800026f   Thumb Code     0  startup_stm32f40_41xxx.o(.text)
    UART5_IRQHandler                         0x0800026f   Thumb Code     0  startup_stm32f40_41xxx.o(.text)
    USART1_IRQHandler                        0x0800026f   Thumb Code     0  startup_stm32f40_41xxx.o(.text)
    WWDG_IRQHandler                          0x0800026f   Thumb Code     0  startup_stm32f40_41xxx.o(.text)
    __aeabi_memcpy                           0x08000279   Thumb Code    36  memcpya.o(.text)
    __aeabi_memcpy4                          0x08000279   Thumb Code     0  memcpya.o(.text)
    __aeabi_memcpy8                          0x08000279   Thumb Code     0  memcpya.o(.text)
    __aeabi_memset                           0x0800029d   Thumb Code    14  memseta.o(.text)
    __aeabi_memset4                          0x0800029d   Thumb Code     0  memseta.o(.text)
    __aeabi_memset8                          0x0800029d   Thumb Code     0  memseta.o(.text)
    __aeabi_memclr                           0x080002ab   Thumb Code     4  memseta.o(.text)
    __aeabi_memclr4                          0x080002ab   Thumb Code     0  memseta.o(.text)
    __aeabi_memclr8                          0x080002ab   Thumb Code     0  memseta.o(.text)
    _memset$wrapper                          0x080002af   Thumb Code    18  memseta.o(.text)
    strstr                                   0x080002c1   Thumb Code    36  strstr.o(.text)
    strncpy                                  0x080002e5   Thumb Code    24  strncpy.o(.text)
    strchr                                   0x080002fd   Thumb Code    20  strchr.o(.text)
    strlen                                   0x08000311   Thumb Code    14  strlen.o(.text)
    strcmp                                   0x0800031f   Thumb Code    28  strcmp.o(.text)
    strcpy                                   0x0800033b   Thumb Code    18  strcpy.o(.text)
    __aeabi_dadd                             0x0800034d   Thumb Code   322  dadd.o(.text)
    __aeabi_dsub                             0x0800048f   Thumb Code     6  dadd.o(.text)
    __aeabi_drsub                            0x08000495   Thumb Code     6  dadd.o(.text)
    __aeabi_dmul                             0x0800049b   Thumb Code   228  dmul.o(.text)
    __aeabi_f2d                              0x0800057f   Thumb Code    38  f2d.o(.text)
    __aeabi_d2f                              0x080005a5   Thumb Code    56  d2f.o(.text)
    __aeabi_uidiv                            0x080005dd   Thumb Code     0  uidiv.o(.text)
    __aeabi_uidivmod                         0x080005dd   Thumb Code    44  uidiv.o(.text)
    __aeabi_llsl                             0x08000609   Thumb Code    30  llshl.o(.text)
    _ll_shift_l                              0x08000609   Thumb Code     0  llshl.o(.text)
    __aeabi_lasr                             0x08000627   Thumb Code    36  llsshr.o(.text)
    _ll_sshift_r                             0x08000627   Thumb Code     0  llsshr.o(.text)
    __I$use$fp                               0x0800064b   Thumb Code     0  iusefp.o(.text)
    _float_round                             0x0800064b   Thumb Code    18  fepilogue.o(.text)
    _float_epilogue                          0x0800065d   Thumb Code    92  fepilogue.o(.text)
    _double_round                            0x080006b9   Thumb Code    30  depilogue.o(.text)
    _double_epilogue                         0x080006d7   Thumb Code   156  depilogue.o(.text)
    __scatterload                            0x08000775   Thumb Code    28  init.o(.text)
    __scatterload_rt2                        0x08000775   Thumb Code     0  init.o(.text)
    __aeabi_llsr                             0x08000799   Thumb Code    32  llushr.o(.text)
    _ll_ushift_r                             0x08000799   Thumb Code     0  llushr.o(.text)
    __decompress                             0x080007b9   Thumb Code     0  __dczerorl2.o(.text)
    __decompress1                            0x080007b9   Thumb Code    86  __dczerorl2.o(.text)
    BusFault_Handler                         0x0800080f   Thumb Code     4  stm32f4xx_it.o(i.BusFault_Handler)
    DebugMon_Handler                         0x08000813   Thumb Code     2  stm32f4xx_it.o(i.DebugMon_Handler)
    EXTI_Init                                0x08000815   Thumb Code   142  stm32f4xx_exti.o(i.EXTI_Init)
    GPIO_Init                                0x080008a9   Thumb Code   144  stm32f4xx_gpio.o(i.GPIO_Init)
    GPIO_PinAFConfig                         0x08000939   Thumb Code    70  stm32f4xx_gpio.o(i.GPIO_PinAFConfig)
    GPIO_ReadInputDataBit                    0x0800097f   Thumb Code    18  stm32f4xx_gpio.o(i.GPIO_ReadInputDataBit)
    GPIO_ResetBits                           0x08000991   Thumb Code     4  stm32f4xx_gpio.o(i.GPIO_ResetBits)
    GPIO_SetBits                             0x08000995   Thumb Code     4  stm32f4xx_gpio.o(i.GPIO_SetBits)
    HardFault_Handler                        0x08000999   Thumb Code     4  stm32f4xx_it.o(i.HardFault_Handler)
    MemManage_Handler                        0x0800099d   Thumb Code     4  stm32f4xx_it.o(i.MemManage_Handler)
    NMI_Handler                              0x080009a1   Thumb Code     2  stm32f4xx_it.o(i.NMI_Handler)
    NVIC_Init                                0x080009a5   Thumb Code   106  misc.o(i.NVIC_Init)
    NVIC_PriorityGroupConfig                 0x08000a1d   Thumb Code    10  misc.o(i.NVIC_PriorityGroupConfig)
    RCC_AHB1PeriphClockCmd                   0x08000a31   Thumb Code    26  stm32f4xx_rcc.o(i.RCC_AHB1PeriphClockCmd)
    RCC_APB1PeriphClockCmd                   0x08000a51   Thumb Code    26  stm32f4xx_rcc.o(i.RCC_APB1PeriphClockCmd)
    RCC_APB2PeriphClockCmd                   0x08000a71   Thumb Code    26  stm32f4xx_rcc.o(i.RCC_APB2PeriphClockCmd)
    RCC_GetClocksFreq                        0x08000a91   Thumb Code   214  stm32f4xx_rcc.o(i.RCC_GetClocksFreq)
    SPI_Cmd                                  0x08000b79   Thumb Code    24  stm32f4xx_spi.o(i.SPI_Cmd)
    SPI_I2S_GetFlagStatus                    0x08000b91   Thumb Code    18  stm32f4xx_spi.o(i.SPI_I2S_GetFlagStatus)
    SPI_I2S_SendData                         0x08000ba3   Thumb Code     4  stm32f4xx_spi.o(i.SPI_I2S_SendData)
    SPI_Init                                 0x08000ba7   Thumb Code    60  stm32f4xx_spi.o(i.SPI_Init)
    SYSCFG_EXTILineConfig                    0x08000be5   Thumb Code    60  stm32f4xx_syscfg.o(i.SYSCFG_EXTILineConfig)
    SysTick_Handler                          0x08000d11   Thumb Code    46  port.o(i.SysTick_Handler)
    SystemInit                               0x08000d45   Thumb Code    88  system_stm32f4xx.o(i.SystemInit)
    TIM_ARRPreloadConfig                     0x08000dad   Thumb Code    24  stm32f4xx_tim.o(i.TIM_ARRPreloadConfig)
    TIM_Cmd                                  0x08000dc5   Thumb Code    24  stm32f4xx_tim.o(i.TIM_Cmd)
    TIM_CtrlPWMOutputs                       0x08000ddd   Thumb Code    30  stm32f4xx_tim.o(i.TIM_CtrlPWMOutputs)
    TIM_GetCounter                           0x08000dfb   Thumb Code     6  stm32f4xx_tim.o(i.TIM_GetCounter)
    TIM_OC1Init                              0x08000e01   Thumb Code   114  stm32f4xx_tim.o(i.TIM_OC1Init)
    TIM_OC1PreloadConfig                     0x08000e7d   Thumb Code    18  stm32f4xx_tim.o(i.TIM_OC1PreloadConfig)
    TIM_OC2Init                              0x08000e91   Thumb Code   154  stm32f4xx_tim.o(i.TIM_OC2Init)
    TIM_OC2PreloadConfig                     0x08000f35   Thumb Code    26  stm32f4xx_tim.o(i.TIM_OC2PreloadConfig)
    TIM_OC3Init                              0x08000f51   Thumb Code   150  stm32f4xx_tim.o(i.TIM_OC3Init)
    TIM_OC3PreloadConfig                     0x08000ff1   Thumb Code    18  stm32f4xx_tim.o(i.TIM_OC3PreloadConfig)
    TIM_OC4Init                              0x08001005   Thumb Code   112  stm32f4xx_tim.o(i.TIM_OC4Init)
    TIM_OC4PreloadConfig                     0x0800107d   Thumb Code    26  stm32f4xx_tim.o(i.TIM_OC4PreloadConfig)
    TIM_SelectOutputTrigger                  0x08001097   Thumb Code    18  stm32f4xx_tim.o(i.TIM_SelectOutputTrigger)
    TIM_SetCompare1                          0x080010a9   Thumb Code     4  stm32f4xx_tim.o(i.TIM_SetCompare1)
    TIM_SetCompare2                          0x080010ad   Thumb Code     4  stm32f4xx_tim.o(i.TIM_SetCompare2)
    TIM_SetCompare3                          0x080010b1   Thumb Code     4  stm32f4xx_tim.o(i.TIM_SetCompare3)
    TIM_SetCompare4                          0x080010b5   Thumb Code     4  stm32f4xx_tim.o(i.TIM_SetCompare4)
    TIM_SetCounter                           0x080010b9   Thumb Code     4  stm32f4xx_tim.o(i.TIM_SetCounter)
    TIM_TimeBaseInit                         0x080010bd   Thumb Code   104  stm32f4xx_tim.o(i.TIM_TimeBaseInit)
    USART2_IRQHandler                        0x08001141   Thumb Code    82  stm32f4xx_it.o(i.USART2_IRQHandler)
    USART3_IRQHandler                        0x080011a1   Thumb Code   144  stm32f4xx_it.o(i.USART3_IRQHandler)
    USART6_IRQHandler                        0x0800124d   Thumb Code   116  stm32f4xx_it.o(i.USART6_IRQHandler)
    USART_ClearFlag                          0x080012d1   Thumb Code    18  stm32f4xx_usart.o(i.USART_ClearFlag)
    USART_ClearITPendingBit                  0x080012e3   Thumb Code    30  stm32f4xx_usart.o(i.USART_ClearITPendingBit)
    USART_Cmd                                0x08001301   Thumb Code    24  stm32f4xx_usart.o(i.USART_Cmd)
    USART_GetFlagStatus                      0x08001319   Thumb Code    26  stm32f4xx_usart.o(i.USART_GetFlagStatus)
    USART_GetITStatus                        0x08001333   Thumb Code    84  stm32f4xx_usart.o(i.USART_GetITStatus)
    USART_ITConfig                           0x08001387   Thumb Code    74  stm32f4xx_usart.o(i.USART_ITConfig)
    USART_Init                               0x080013d1   Thumb Code   196  stm32f4xx_usart.o(i.USART_Init)
    USART_ReceiveData                        0x0800149d   Thumb Code    10  stm32f4xx_usart.o(i.USART_ReceiveData)
    USART_SendData                           0x080014a7   Thumb Code     8  stm32f4xx_usart.o(i.USART_SendData)
    UsageFault_Handler                       0x080014af   Thumb Code     4  stm32f4xx_it.o(i.UsageFault_Handler)
    __0printf$6                              0x080014b5   Thumb Code    22  printf6.o(i.__0printf$6)
    __1printf$6                              0x080014b5   Thumb Code     0  printf6.o(i.__0printf$6)
    __2printf                                0x080014b5   Thumb Code     0  printf6.o(i.__0printf$6)
    __0sprintf$6                             0x080014d5   Thumb Code    34  printf6.o(i.__0sprintf$6)
    __1sprintf$6                             0x080014d5   Thumb Code     0  printf6.o(i.__0sprintf$6)
    __2sprintf                               0x080014d5   Thumb Code     0  printf6.o(i.__0sprintf$6)
    __scatterload_copy                       0x080014fd   Thumb Code    14  handlers.o(i.__scatterload_copy)
    __scatterload_null                       0x0800150b   Thumb Code     2  handlers.o(i.__scatterload_null)
    __scatterload_zeroinit                   0x0800150d   Thumb Code    14  handlers.o(i.__scatterload_zeroinit)
    delay_us                                 0x08001869   Thumb Code    48  drv_timer.o(i.delay_us)
    drv_74hc595_init                         0x08001899   Thumb Code     8  74hc595.o(i.drv_74hc595_init)
    drv_beep_close                           0x080018a1   Thumb Code    14  drv_beep.o(i.drv_beep_close)
    drv_beep_init                            0x080018b5   Thumb Code    46  drv_beep.o(i.drv_beep_init)
    drv_beep_open                            0x080018ed   Thumb Code    14  drv_beep.o(i.drv_beep_open)
    drv_fan_close                            0x08001901   Thumb Code    12  drv_fan.o(i.drv_fan_close)
    drv_fan_init                             0x08001911   Thumb Code    56  drv_fan.o(i.drv_fan_init)
    drv_fan_open                             0x0800194d   Thumb Code    12  drv_fan.o(i.drv_fan_open)
    drv_key_init                             0x0800195d   Thumb Code   160  drv_key.o(i.drv_key_init)
    drv_led_close                            0x08001a01   Thumb Code    34  drv_led.o(i.drv_led_close)
    drv_led_flow                             0x08001a29   Thumb Code   508  drv_led.o(i.drv_led_flow)
    drv_led_init                             0x08001c29   Thumb Code   140  drv_led.o(i.drv_led_init)
    drv_led_open                             0x08001cbd   Thumb Code    34  drv_led.o(i.drv_led_open)
    drv_motor_close                          0x08001ce5   Thumb Code    12  drv_motor.o(i.drv_motor_close)
    drv_motor_init                           0x08001cf5   Thumb Code    56  drv_motor.o(i.drv_motor_init)
    drv_motor_open                           0x08001d31   Thumb Code    12  drv_motor.o(i.drv_motor_open)
    drv_seg_display                          0x08001d41   Thumb Code    46  74hc595.o(i.drv_seg_display)
    drv_sht20_update                         0x08001d75   Thumb Code   120  74hc595.o(i.drv_sht20_update)
    drv_spi2_init                            0x08001e0d   Thumb Code   184  drv_spi2.o(i.drv_spi2_init)
    drv_spi2_senddata                        0x08001ecd   Thumb Code    28  drv_spi2.o(i.drv_spi2_senddata)
    drv_systick_ms                           0x08001eed   Thumb Code   110  drv_systick.o(i.drv_systick_ms)
    drv_timer3_init                          0x08001f61   Thumb Code   350  drv_timer.o(i.drv_timer3_init)
    drv_usart2_init                          0x080020cd   Thumb Code   194  drv_usart.o(i.drv_usart2_init)
    drv_usart3_init                          0x0800219d   Thumb Code   190  drv_usart.o(i.drv_usart3_init)
    drv_usart6_init                          0x08002265   Thumb Code   190  drv_usart.o(i.drv_usart6_init)
    esp_process_task                         0x0800232d   Thumb Code    26  main.o(i.esp_process_task)
    fputc                                    0x0800234d   Thumb Code    40  drv_usart.o(i.fputc)
    handle_backup                            0x08002431   Thumb Code   268  drv_sg90.o(i.handle_backup)
    handle_bow                               0x08002549   Thumb Code    84  drv_sg90.o(i.handle_bow)
    handle_forward                           0x080025a9   Thumb Code   268  drv_sg90.o(i.handle_forward)
    handle_lift_head                         0x080026c1   Thumb Code    84  drv_sg90.o(i.handle_lift_head)
    handle_sitdown                           0x08002721   Thumb Code    84  drv_sg90.o(i.handle_sitdown)
    handle_stand                             0x08002781   Thumb Code    84  drv_sg90.o(i.handle_stand)
    iic_init                                 0x080027e1   Thumb Code    44  drv_iic.o(i.iic_init)
    iic_start                                0x08002811   Thumb Code    60  drv_iic.o(i.iic_start)
    iic_stop                                 0x08002851   Thumb Code    52  drv_iic.o(i.iic_stop)
    main                                     0x08002889   Thumb Code    40  main.o(i.main)
    parse_esp_response                       0x080028bd   Thumb Code   554  drv_esp12f.o(i.parse_esp_response)
    parse_tcp_command                        0x08002c05   Thumb Code   436  drv_esp12f.o(i.parse_tcp_command)
    pvPortMalloc                             0x080038e1   Thumb Code   296  heap_4.o(i.pvPortMalloc)
    pvTaskIncrementMutexHeldCount            0x08003a1d   Thumb Code    26  tasks.o(i.pvTaskIncrementMutexHeldCount)
    pxPortInitialiseStack                    0x08003a3d   Thumb Code    38  port.o(i.pxPortInitialiseStack)
    read_data                                0x08003a69   Thumb Code   100  drv_iic.o(i.read_data)
    sda_in                                   0x08003ad1   Thumb Code    28  drv_iic.o(i.sda_in)
    sda_out                                  0x08003af1   Thumb Code    38  drv_iic.o(i.sda_out)
    send_ACK                                 0x08003b1d   Thumb Code    46  drv_iic.o(i.send_ACK)
    send_NOACK                               0x08003b51   Thumb Code    46  drv_iic.o(i.send_NOACK)
    send_data                                0x08003b85   Thumb Code    86  drv_iic.o(i.send_data)
    send_next_cmd                            0x08003be1   Thumb Code   158  drv_esp12f.o(i.send_next_cmd)
    send_voice_hex                           0x08003cd1   Thumb Code    18  drv_asrpro.o(i.send_voice_hex)
    sht20_getdata                            0x08003ced   Thumb Code   134  drv_sht20.o(i.sht20_getdata)
    sht20_init                               0x08003d91   Thumb Code     8  drv_sht20.o(i.sht20_init)
    sht20_read                               0x08003d99   Thumb Code   120  drv_sht20.o(i.sht20_read)
    tim2_delay_init                          0x08003e11   Thumb Code    54  drv_timer.o(i.tim2_delay_init)
    usart_sendstr                            0x08003e47   Thumb Code    68  drv_usart.o(i.usart_sendstr)
    uxListRemove                             0x08003e8b   Thumb Code    40  list.o(i.uxListRemove)
    vListInitialise                          0x080040b1   Thumb Code    26  list.o(i.vListInitialise)
    vListInitialiseItem                      0x080040cb   Thumb Code     6  list.o(i.vListInitialiseItem)
    vListInsert                              0x080040d1   Thumb Code    52  list.o(i.vListInsert)
    vListInsertEnd                           0x08004105   Thumb Code    24  list.o(i.vListInsertEnd)
    vPortEnterCritical                       0x0800411d   Thumb Code    76  port.o(i.vPortEnterCritical)
    vPortExitCritical                        0x08004171   Thumb Code    56  port.o(i.vPortExitCritical)
    vPortFree                                0x080041ad   Thumb Code   140  heap_4.o(i.vPortFree)
    vPortSetupTimerInterrupt                 0x08004241   Thumb Code    26  port.o(i.vPortSetupTimerInterrupt)
    vPortValidateInterruptPriority           0x08004261   Thumb Code   106  port.o(i.vPortValidateInterruptPriority)
    vQueueAddToRegistry                      0x080042d9   Thumb Code    38  queue.o(i.vQueueAddToRegistry)
    vQueueWaitForMessageRestricted           0x08004305   Thumb Code    74  queue.o(i.vQueueWaitForMessageRestricted)
    vTaskDelay                               0x080044a9   Thumb Code    82  tasks.o(i.vTaskDelay)
    vTaskDelete                              0x08004505   Thumb Code   202  tasks.o(i.vTaskDelete)
    vTaskMissedYield                         0x080045f9   Thumb Code     8  tasks.o(i.vTaskMissedYield)
    vTaskPlaceOnEventList                    0x08004605   Thumb Code    52  tasks.o(i.vTaskPlaceOnEventList)
    vTaskPlaceOnEventListRestricted          0x0800463d   Thumb Code    60  tasks.o(i.vTaskPlaceOnEventListRestricted)
    vTaskPriorityInherit                     0x0800467d   Thumb Code   164  tasks.o(i.vTaskPriorityInherit)
    vTaskSetTimeOutState                     0x0800472d   Thumb Code    38  tasks.o(i.vTaskSetTimeOutState)
    vTaskStartScheduler                      0x0800475d   Thumb Code   118  tasks.o(i.vTaskStartScheduler)
    vTaskSuspendAll                          0x080047f1   Thumb Code    12  tasks.o(i.vTaskSuspendAll)
    vTaskSwitchContext                       0x08004801   Thumb Code   118  tasks.o(i.vTaskSwitchContext)
    wait_ACK                                 0x0800488d   Thumb Code    68  drv_iic.o(i.wait_ACK)
    xPortStartScheduler                      0x080048d5   Thumb Code   288  port.o(i.xPortStartScheduler)
    xQueueGenericCreate                      0x08004a11   Thumb Code    88  queue.o(i.xQueueGenericCreate)
    xQueueGenericReceive                     0x08004a69   Thumb Code   446  queue.o(i.xQueueGenericReceive)
    xQueueGenericReset                       0x08004c2d   Thumb Code   146  queue.o(i.xQueueGenericReset)
    xQueueGenericSend                        0x08004cc5   Thumb Code   420  queue.o(i.xQueueGenericSend)
    xQueueGenericSendFromISR                 0x08004e6d   Thumb Code   248  queue.o(i.xQueueGenericSendFromISR)
    xQueueGiveFromISR                        0x08004f65   Thumb Code   224  queue.o(i.xQueueGiveFromISR)
    xTaskCheckForTimeOut                     0x08005045   Thumb Code   132  tasks.o(i.xTaskCheckForTimeOut)
    xTaskCreate                              0x080050d1   Thumb Code    96  tasks.o(i.xTaskCreate)
    xTaskGetSchedulerState                   0x08005131   Thumb Code    24  tasks.o(i.xTaskGetSchedulerState)
    xTaskGetTickCount                        0x08005151   Thumb Code     6  tasks.o(i.xTaskGetTickCount)
    xTaskIncrementTick                       0x0800515d   Thumb Code   282  tasks.o(i.xTaskIncrementTick)
    xTaskPriorityDisinherit                  0x080052a5   Thumb Code   188  tasks.o(i.xTaskPriorityDisinherit)
    xTaskRemoveFromEventList                 0x0800536d   Thumb Code   128  tasks.o(i.xTaskRemoveFromEventList)
    xTaskResumeAll                           0x08005405   Thumb Code   224  tasks.o(i.xTaskResumeAll)
    xTimerCreateTimerTask                    0x08005509   Thumb Code    66  timers.o(i.xTimerCreateTimerTask)
    xTimerGenericCommand                     0x08005561   Thumb Code   126  timers.o(i.xTimerGenericCommand)
    Region$$Table$$Base                      0x0800569c   Number         0  anon$$obj.o(Region$$Table)
    Region$$Table$$Limit                     0x080056cc   Number         0  anon$$obj.o(Region$$Table)
    current_state                            0x10000000   Data           1  main.o(.data)
    seg_index                                0x10000001   Data           1  main.o(.data)
    key1_flag                                0x10000002   Data           1  main.o(.data)
    SHT20_data                               0x10000004   Data           2  main.o(.data)
    rcdata6                                  0x10000008   Data           1  stm32f4xx_it.o(.data)
    i6                                       0x1000000c   Data           4  stm32f4xx_it.o(.data)
    rcdata3                                  0x10000010   Data           1  stm32f4xx_it.o(.data)
    i3                                       0x10000014   Data           4  stm32f4xx_it.o(.data)
    beep_alert_flag                          0x10000018   Data           1  stm32f4xx_it.o(.data)
    tick_cnt                                 0x10000020   Data           4  drv_systick.o(.data)
    xASRQueue                                0x10000024   Data           4  drv_usart.o(.data)
    log                                      0x10000028   Data           1  drv_esp12f.o(.data)
    esp_rx_semaphore                         0x1000002c   Data           4  drv_esp12f.o(.data)
    cmd_start_time                           0x10000030   Data           4  drv_esp12f.o(.data)
    server_disconnected                      0x10000034   Data           1  drv_esp12f.o(.data)
    esp_rx_idx                               0x10000035   Data           1  drv_esp12f.o(.data)
    last_rx_time                             0x10000036   Data           1  drv_esp12f.o(.data)
    cmd_index                                0x10000037   Data           1  drv_esp12f.o(.data)
    retry_count                              0x10000038   Data           1  drv_esp12f.o(.data)
    led_status                               0x10000039   Data           1  drv_esp12f.o(.data)
    cmds                                     0x1000003c   Data          28  drv_esp12f.o(.data)
    expect_responses                         0x10000058   Data          28  drv_esp12f.o(.data)
    disp_n1                                  0x10000074   Data           1  74hc595.o(.data)
    disp_n2                                  0x10000075   Data           1  74hc595.o(.data)
    disp_n3                                  0x10000076   Data           1  74hc595.o(.data)
    disp_n4                                  0x10000077   Data           1  74hc595.o(.data)
    sht20_data                               0x10000078   Data           8  drv_sht20.o(.data)
    voice_send_state                         0x10000080   Data           1  drv_asrpro.o(.data)
    voice_send_cmd                           0x10000081   Data           1  drv_asrpro.o(.data)
    dog_state                                0x10000084   Data           5  drv_sg90.o(.data)
    xServoQueue                              0x1000008c   Data           4  drv_sg90.o(.data)
    servo_state                              0x10000090   Data           3  drv_sg90.o(.data)
    SystemCoreClock                          0x10000094   Data           4  system_stm32f4xx.o(.data)
    AHBPrescTable                            0x10000098   Data          16  system_stm32f4xx.o(.data)
    pxCurrentTCB                             0x100000b8   Data           4  tasks.o(.data)
    __stdout                                 0x1000012c   Data           4  stdout.o(.data)
    rcbuffer6                                0x10000130   Data          12  stm32f4xx_it.o(.bss)
    rcbuffer3                                0x1000013c   Data          50  stm32f4xx_it.o(.bss)
    esp_rx_buf                               0x1000016e   Data         256  drv_esp12f.o(.bss)
    xQueueRegistry                           0x10000270   Data          64  queue.o(.bss)
    __initial_sp                             0x100007a0   Data           0  startup_stm32f40_41xxx.o(STACK)



==============================================================================

Memory Map of the image

  Image Entry point : 0x08000189

  Load Region LR_IROM1 (Base: 0x08000000, Size: 0x000057fc, Max: 0x00100000, ABSOLUTE, COMPRESSED[0x00005710])

    Execution Region ER_IROM1 (Exec base: 0x08000000, Load base: 0x08000000, Size: 0x000056cc, Max: 0x00100000, ABSOLUTE)

    Exec Addr    Load Addr    Size         Type   Attr      Idx    E Section Name        Object

    0x08000000   0x08000000   0x00000188   Data   RO         5854    RESET               startup_stm32f40_41xxx.o
    0x08000188   0x08000188   0x00000000   Code   RO         6782  * .ARM.Collect$$$$00000000  mc_w.l(entry.o)
    0x08000188   0x08000188   0x00000004   Code   RO         7072    .ARM.Collect$$$$00000001  mc_w.l(entry2.o)
    0x0800018c   0x0800018c   0x00000004   Code   RO         7075    .ARM.Collect$$$$00000004  mc_w.l(entry5.o)
    0x08000190   0x08000190   0x00000000   Code   RO         7077    .ARM.Collect$$$$00000008  mc_w.l(entry7b.o)
    0x08000190   0x08000190   0x00000000   Code   RO         7079    .ARM.Collect$$$$0000000A  mc_w.l(entry8b.o)
    0x08000190   0x08000190   0x00000008   Code   RO         7080    .ARM.Collect$$$$0000000B  mc_w.l(entry9a.o)
    0x08000198   0x08000198   0x00000000   Code   RO         7082    .ARM.Collect$$$$0000000D  mc_w.l(entry10a.o)
    0x08000198   0x08000198   0x00000000   Code   RO         7084    .ARM.Collect$$$$0000000F  mc_w.l(entry11a.o)
    0x08000198   0x08000198   0x00000004   Code   RO         7073    .ARM.Collect$$$$00002712  mc_w.l(entry2.o)
    0x0800019c   0x0800019c   0x000000b6   Code   RO         6705    .emb_text           port.o
    0x08000252   0x08000252   0x00000002   PAD
    0x08000254   0x08000254   0x00000024   Code   RO         5855    .text               startup_stm32f40_41xxx.o
    0x08000278   0x08000278   0x00000024   Code   RO         6785    .text               mc_w.l(memcpya.o)
    0x0800029c   0x0800029c   0x00000024   Code   RO         6787    .text               mc_w.l(memseta.o)
    0x080002c0   0x080002c0   0x00000024   Code   RO         6789    .text               mc_w.l(strstr.o)
    0x080002e4   0x080002e4   0x00000018   Code   RO         6791    .text               mc_w.l(strncpy.o)
    0x080002fc   0x080002fc   0x00000014   Code   RO         6793    .text               mc_w.l(strchr.o)
    0x08000310   0x08000310   0x0000000e   Code   RO         6795    .text               mc_w.l(strlen.o)
    0x0800031e   0x0800031e   0x0000001c   Code   RO         6797    .text               mc_w.l(strcmp.o)
    0x0800033a   0x0800033a   0x00000012   Code   RO         6799    .text               mc_w.l(strcpy.o)
    0x0800034c   0x0800034c   0x0000014e   Code   RO         7064    .text               mf_w.l(dadd.o)
    0x0800049a   0x0800049a   0x000000e4   Code   RO         7066    .text               mf_w.l(dmul.o)
    0x0800057e   0x0800057e   0x00000026   Code   RO         7068    .text               mf_w.l(f2d.o)
    0x080005a4   0x080005a4   0x00000038   Code   RO         7070    .text               mf_w.l(d2f.o)
    0x080005dc   0x080005dc   0x0000002c   Code   RO         7087    .text               mc_w.l(uidiv.o)
    0x08000608   0x08000608   0x0000001e   Code   RO         7091    .text               mc_w.l(llshl.o)
    0x08000626   0x08000626   0x00000024   Code   RO         7093    .text               mc_w.l(llsshr.o)
    0x0800064a   0x0800064a   0x00000000   Code   RO         7095    .text               mc_w.l(iusefp.o)
    0x0800064a   0x0800064a   0x0000006e   Code   RO         7096    .text               mf_w.l(fepilogue.o)
    0x080006b8   0x080006b8   0x000000ba   Code   RO         7098    .text               mf_w.l(depilogue.o)
    0x08000772   0x08000772   0x00000002   PAD
    0x08000774   0x08000774   0x00000024   Code   RO         7106    .text               mc_w.l(init.o)
    0x08000798   0x08000798   0x00000020   Code   RO         7108    .text               mc_w.l(llushr.o)
    0x080007b8   0x080007b8   0x00000056   Code   RO         7118    .text               mc_w.l(__dczerorl2.o)
    0x0800080e   0x0800080e   0x00000004   Code   RO          258    i.BusFault_Handler  stm32f4xx_it.o
    0x08000812   0x08000812   0x00000002   Code   RO          259    i.DebugMon_Handler  stm32f4xx_it.o
    0x08000814   0x08000814   0x00000094   Code   RO         2376    i.EXTI_Init         stm32f4xx_exti.o
    0x080008a8   0x080008a8   0x00000090   Code   RO         2847    i.GPIO_Init         stm32f4xx_gpio.o
    0x08000938   0x08000938   0x00000046   Code   RO         2848    i.GPIO_PinAFConfig  stm32f4xx_gpio.o
    0x0800097e   0x0800097e   0x00000012   Code   RO         2851    i.GPIO_ReadInputDataBit  stm32f4xx_gpio.o
    0x08000990   0x08000990   0x00000004   Code   RO         2854    i.GPIO_ResetBits    stm32f4xx_gpio.o
    0x08000994   0x08000994   0x00000004   Code   RO         2855    i.GPIO_SetBits      stm32f4xx_gpio.o
    0x08000998   0x08000998   0x00000004   Code   RO          260    i.HardFault_Handler  stm32f4xx_it.o
    0x0800099c   0x0800099c   0x00000004   Code   RO          261    i.MemManage_Handler  stm32f4xx_it.o
    0x080009a0   0x080009a0   0x00000002   Code   RO          262    i.NMI_Handler       stm32f4xx_it.o
    0x080009a2   0x080009a2   0x00000002   PAD
    0x080009a4   0x080009a4   0x00000078   Code   RO         1124    i.NVIC_Init         misc.o
    0x08000a1c   0x08000a1c   0x00000014   Code   RO         1125    i.NVIC_PriorityGroupConfig  misc.o
    0x08000a30   0x08000a30   0x00000020   Code   RO         3711    i.RCC_AHB1PeriphClockCmd  stm32f4xx_rcc.o
    0x08000a50   0x08000a50   0x00000020   Code   RO         3720    i.RCC_APB1PeriphClockCmd  stm32f4xx_rcc.o
    0x08000a70   0x08000a70   0x00000020   Code   RO         3723    i.RCC_APB2PeriphClockCmd  stm32f4xx_rcc.o
    0x08000a90   0x08000a90   0x000000e8   Code   RO         3732    i.RCC_GetClocksFreq  stm32f4xx_rcc.o
    0x08000b78   0x08000b78   0x00000018   Code   RO         4828    i.SPI_Cmd           stm32f4xx_spi.o
    0x08000b90   0x08000b90   0x00000012   Code   RO         4836    i.SPI_I2S_GetFlagStatus  stm32f4xx_spi.o
    0x08000ba2   0x08000ba2   0x00000004   Code   RO         4840    i.SPI_I2S_SendData  stm32f4xx_spi.o
    0x08000ba6   0x08000ba6   0x0000003c   Code   RO         4841    i.SPI_Init          stm32f4xx_spi.o
    0x08000be2   0x08000be2   0x00000002   PAD
    0x08000be4   0x08000be4   0x00000040   Code   RO         4989    i.SYSCFG_EXTILineConfig  stm32f4xx_syscfg.o
    0x08000c24   0x08000c24   0x000000ec   Code   RO         1090    i.SetSysClock       system_stm32f4xx.o
    0x08000d10   0x08000d10   0x00000034   Code   RO         6706    i.SysTick_Handler   port.o
    0x08000d44   0x08000d44   0x00000068   Code   RO         1092    i.SystemInit        system_stm32f4xx.o
    0x08000dac   0x08000dac   0x00000018   Code   RO         5046    i.TIM_ARRPreloadConfig  stm32f4xx_tim.o
    0x08000dc4   0x08000dc4   0x00000018   Code   RO         5058    i.TIM_Cmd           stm32f4xx_tim.o
    0x08000ddc   0x08000ddc   0x0000001e   Code   RO         5060    i.TIM_CtrlPWMOutputs  stm32f4xx_tim.o
    0x08000dfa   0x08000dfa   0x00000006   Code   RO         5077    i.TIM_GetCounter    stm32f4xx_tim.o
    0x08000e00   0x08000e00   0x0000007c   Code   RO         5087    i.TIM_OC1Init       stm32f4xx_tim.o
    0x08000e7c   0x08000e7c   0x00000012   Code   RO         5090    i.TIM_OC1PreloadConfig  stm32f4xx_tim.o
    0x08000e8e   0x08000e8e   0x00000002   PAD
    0x08000e90   0x08000e90   0x000000a4   Code   RO         5092    i.TIM_OC2Init       stm32f4xx_tim.o
    0x08000f34   0x08000f34   0x0000001a   Code   RO         5095    i.TIM_OC2PreloadConfig  stm32f4xx_tim.o
    0x08000f4e   0x08000f4e   0x00000002   PAD
    0x08000f50   0x08000f50   0x000000a0   Code   RO         5097    i.TIM_OC3Init       stm32f4xx_tim.o
    0x08000ff0   0x08000ff0   0x00000012   Code   RO         5100    i.TIM_OC3PreloadConfig  stm32f4xx_tim.o
    0x08001002   0x08001002   0x00000002   PAD
    0x08001004   0x08001004   0x00000078   Code   RO         5102    i.TIM_OC4Init       stm32f4xx_tim.o
    0x0800107c   0x0800107c   0x0000001a   Code   RO         5104    i.TIM_OC4PreloadConfig  stm32f4xx_tim.o
    0x08001096   0x08001096   0x00000012   Code   RO         5116    i.TIM_SelectOutputTrigger  stm32f4xx_tim.o
    0x080010a8   0x080010a8   0x00000004   Code   RO         5120    i.TIM_SetCompare1   stm32f4xx_tim.o
    0x080010ac   0x080010ac   0x00000004   Code   RO         5121    i.TIM_SetCompare2   stm32f4xx_tim.o
    0x080010b0   0x080010b0   0x00000004   Code   RO         5122    i.TIM_SetCompare3   stm32f4xx_tim.o
    0x080010b4   0x080010b4   0x00000004   Code   RO         5123    i.TIM_SetCompare4   stm32f4xx_tim.o
    0x080010b8   0x080010b8   0x00000004   Code   RO         5124    i.TIM_SetCounter    stm32f4xx_tim.o
    0x080010bc   0x080010bc   0x00000084   Code   RO         5130    i.TIM_TimeBaseInit  stm32f4xx_tim.o
    0x08001140   0x08001140   0x00000060   Code   RO          263    i.USART2_IRQHandler  stm32f4xx_it.o
    0x080011a0   0x080011a0   0x000000ac   Code   RO          264    i.USART3_IRQHandler  stm32f4xx_it.o
    0x0800124c   0x0800124c   0x00000084   Code   RO          265    i.USART6_IRQHandler  stm32f4xx_it.o
    0x080012d0   0x080012d0   0x00000012   Code   RO         5604    i.USART_ClearFlag   stm32f4xx_usart.o
    0x080012e2   0x080012e2   0x0000001e   Code   RO         5605    i.USART_ClearITPendingBit  stm32f4xx_usart.o
    0x08001300   0x08001300   0x00000018   Code   RO         5608    i.USART_Cmd         stm32f4xx_usart.o
    0x08001318   0x08001318   0x0000001a   Code   RO         5611    i.USART_GetFlagStatus  stm32f4xx_usart.o
    0x08001332   0x08001332   0x00000054   Code   RO         5612    i.USART_GetITStatus  stm32f4xx_usart.o
    0x08001386   0x08001386   0x0000004a   Code   RO         5614    i.USART_ITConfig    stm32f4xx_usart.o
    0x080013d0   0x080013d0   0x000000cc   Code   RO         5615    i.USART_Init        stm32f4xx_usart.o
    0x0800149c   0x0800149c   0x0000000a   Code   RO         5622    i.USART_ReceiveData  stm32f4xx_usart.o
    0x080014a6   0x080014a6   0x00000008   Code   RO         5625    i.USART_SendData    stm32f4xx_usart.o
    0x080014ae   0x080014ae   0x00000004   Code   RO          266    i.UsageFault_Handler  stm32f4xx_it.o
    0x080014b2   0x080014b2   0x00000002   PAD
    0x080014b4   0x080014b4   0x00000020   Code   RO         6958    i.__0printf$6       mc_w.l(printf6.o)
    0x080014d4   0x080014d4   0x00000028   Code   RO         6960    i.__0sprintf$6      mc_w.l(printf6.o)
    0x080014fc   0x080014fc   0x0000000e   Code   RO         7112    i.__scatterload_copy  mc_w.l(handlers.o)
    0x0800150a   0x0800150a   0x00000002   Code   RO         7113    i.__scatterload_null  mc_w.l(handlers.o)
    0x0800150c   0x0800150c   0x0000000e   Code   RO         7114    i.__scatterload_zeroinit  mc_w.l(handlers.o)
    0x0800151a   0x0800151a   0x00000002   PAD
    0x0800151c   0x0800151c   0x000002f0   Code   RO         6965    i._printf_core      mc_w.l(printf6.o)
    0x0800180c   0x0800180c   0x00000024   Code   RO         6966    i._printf_post_padding  mc_w.l(printf6.o)
    0x08001830   0x08001830   0x0000002e   Code   RO         6967    i._printf_pre_padding  mc_w.l(printf6.o)
    0x0800185e   0x0800185e   0x0000000a   Code   RO         6969    i._sputc            mc_w.l(printf6.o)
    0x08001868   0x08001868   0x00000030   Code   RO          636    i.delay_us          drv_timer.o
    0x08001898   0x08001898   0x00000008   Code   RO          799    i.drv_74hc595_init  74hc595.o
    0x080018a0   0x080018a0   0x00000014   Code   RO          429    i.drv_beep_close    drv_beep.o
    0x080018b4   0x080018b4   0x00000038   Code   RO          430    i.drv_beep_init     drv_beep.o
    0x080018ec   0x080018ec   0x00000014   Code   RO          431    i.drv_beep_open     drv_beep.o
    0x08001900   0x08001900   0x00000010   Code   RO          571    i.drv_fan_close     drv_fan.o
    0x08001910   0x08001910   0x0000003c   Code   RO          572    i.drv_fan_init      drv_fan.o
    0x0800194c   0x0800194c   0x00000010   Code   RO          573    i.drv_fan_open      drv_fan.o
    0x0800195c   0x0800195c   0x000000a4   Code   RO          462    i.drv_key_init      drv_key.o
    0x08001a00   0x08001a00   0x00000028   Code   RO          498    i.drv_led_close     drv_led.o
    0x08001a28   0x08001a28   0x00000200   Code   RO          499    i.drv_led_flow      drv_led.o
    0x08001c28   0x08001c28   0x00000094   Code   RO          500    i.drv_led_init      drv_led.o
    0x08001cbc   0x08001cbc   0x00000028   Code   RO          501    i.drv_led_open      drv_led.o
    0x08001ce4   0x08001ce4   0x00000010   Code   RO          603    i.drv_motor_close   drv_motor.o
    0x08001cf4   0x08001cf4   0x0000003c   Code   RO          604    i.drv_motor_init    drv_motor.o
    0x08001d30   0x08001d30   0x00000010   Code   RO          605    i.drv_motor_open    drv_motor.o
    0x08001d40   0x08001d40   0x00000034   Code   RO          800    i.drv_seg_display   74hc595.o
    0x08001d74   0x08001d74   0x00000098   Code   RO          801    i.drv_sht20_update  74hc595.o
    0x08001e0c   0x08001e0c   0x000000c0   Code   RO          904    i.drv_spi2_init     drv_spi2.o
    0x08001ecc   0x08001ecc   0x00000020   Code   RO          905    i.drv_spi2_senddata  drv_spi2.o
    0x08001eec   0x08001eec   0x00000074   Code   RO          387    i.drv_systick_ms    drv_systick.o
    0x08001f60   0x08001f60   0x0000016c   Code   RO          637    i.drv_timer3_init   drv_timer.o
    0x080020cc   0x080020cc   0x000000d0   Code   RO          673    i.drv_usart2_init   drv_usart.o
    0x0800219c   0x0800219c   0x000000c8   Code   RO          674    i.drv_usart3_init   drv_usart.o
    0x08002264   0x08002264   0x000000c8   Code   RO          675    i.drv_usart6_init   drv_usart.o
    0x0800232c   0x0800232c   0x00000020   Code   RO            3    i.esp_process_task  main.o
    0x0800234c   0x0800234c   0x0000002c   Code   RO          676    i.fputc             drv_usart.o
    0x08002378   0x08002378   0x000000b8   Code   RO          731    i.get_cmd_type      drv_esp12f.o
    0x08002430   0x08002430   0x00000118   Code   RO         1033    i.handle_backup     drv_sg90.o
    0x08002548   0x08002548   0x00000060   Code   RO         1034    i.handle_bow        drv_sg90.o
    0x080025a8   0x080025a8   0x00000118   Code   RO         1035    i.handle_forward    drv_sg90.o
    0x080026c0   0x080026c0   0x00000060   Code   RO         1036    i.handle_lift_head  drv_sg90.o
    0x08002720   0x08002720   0x00000060   Code   RO         1037    i.handle_sitdown    drv_sg90.o
    0x08002780   0x08002780   0x00000060   Code   RO         1038    i.handle_stand      drv_sg90.o
    0x080027e0   0x080027e0   0x00000030   Code   RO          930    i.iic_init          drv_iic.o
    0x08002810   0x08002810   0x00000040   Code   RO          931    i.iic_start         drv_iic.o
    0x08002850   0x08002850   0x00000038   Code   RO          932    i.iic_stop          drv_iic.o
    0x08002888   0x08002888   0x00000034   Code   RO            4    i.main              main.o
    0x080028bc   0x080028bc   0x00000348   Code   RO          732    i.parse_esp_response  drv_esp12f.o
    0x08002c04   0x08002c04   0x00000358   Code   RO          733    i.parse_tcp_command  drv_esp12f.o
    0x08002f5c   0x08002f5c   0x00000098   Code   RO         6201    i.prvAddCurrentTaskToDelayedList  tasks.o
    0x08002ff4   0x08002ff4   0x000000b8   Code   RO         6202    i.prvAddNewTaskToReadyList  tasks.o
    0x080030ac   0x080030ac   0x00000064   Code   RO         6538    i.prvCheckForValidListAndQueue  timers.o
    0x08003110   0x08003110   0x00000064   Code   RO         6203    i.prvCheckTasksWaitingTermination  tasks.o
    0x08003174   0x08003174   0x0000002a   Code   RO         6003    i.prvCopyDataFromQueue  queue.o
    0x0800319e   0x0800319e   0x0000007c   Code   RO         6004    i.prvCopyDataToQueue  queue.o
    0x0800321a   0x0800321a   0x00000012   Code   RO         6204    i.prvDeleteTCB      tasks.o
    0x0800322c   0x0800322c   0x00000028   Code   RO         6539    i.prvGetNextExpireTime  timers.o
    0x08003254   0x08003254   0x0000007c   Code   RO         6656    i.prvHeapInit       heap_4.o
    0x080032d0   0x080032d0   0x00000028   Code   RO         6205    i.prvIdleTask       tasks.o
    0x080032f8   0x080032f8   0x0000002a   Code   RO         6006    i.prvInitialiseNewQueue  queue.o
    0x08003322   0x08003322   0x000000b4   Code   RO         6206    i.prvInitialiseNewTask  tasks.o
    0x080033d6   0x080033d6   0x00000002   PAD
    0x080033d8   0x080033d8   0x00000068   Code   RO         6207    i.prvInitialiseTaskLists  tasks.o
    0x08003440   0x08003440   0x00000068   Code   RO         6657    i.prvInsertBlockIntoFreeList  heap_4.o
    0x080034a8   0x080034a8   0x00000058   Code   RO         6541    i.prvInsertTimerInActiveList  timers.o
    0x08003500   0x08003500   0x0000001a   Code   RO         6007    i.prvIsQueueEmpty   queue.o
    0x0800351a   0x0800351a   0x0000001e   Code   RO         6008    i.prvIsQueueFull    queue.o
    0x08003538   0x08003538   0x00000064   Code   RO         6542    i.prvProcessExpiredTimer  timers.o
    0x0800359c   0x0800359c   0x000000f8   Code   RO         6543    i.prvProcessReceivedCommands  timers.o
    0x08003694   0x08003694   0x00000074   Code   RO         6544    i.prvProcessTimerOrBlockTask  timers.o
    0x08003708   0x08003708   0x00000034   Code   RO         6209    i.prvResetNextTaskUnblockTime  tasks.o
    0x0800373c   0x0800373c   0x0000002c   Code   RO         6545    i.prvSampleTimeNow  timers.o
    0x08003768   0x08003768   0x000000a0   Code   RO         6546    i.prvSwitchTimerLists  timers.o
    0x08003808   0x08003808   0x00000040   Code   RO         6707    i.prvTaskExitError  port.o
    0x08003848   0x08003848   0x0000001a   Code   RO         6547    i.prvTimerTask      timers.o
    0x08003862   0x08003862   0x0000007e   Code   RO         6009    i.prvUnlockQueue    queue.o
    0x080038e0   0x080038e0   0x0000013c   Code   RO         6658    i.pvPortMalloc      heap_4.o
    0x08003a1c   0x08003a1c   0x00000020   Code   RO         6212    i.pvTaskIncrementMutexHeldCount  tasks.o
    0x08003a3c   0x08003a3c   0x0000002c   Code   RO         6708    i.pxPortInitialiseStack  port.o
    0x08003a68   0x08003a68   0x00000068   Code   RO          933    i.read_data         drv_iic.o
    0x08003ad0   0x08003ad0   0x00000020   Code   RO          934    i.sda_in            drv_iic.o
    0x08003af0   0x08003af0   0x0000002c   Code   RO          935    i.sda_out           drv_iic.o
    0x08003b1c   0x08003b1c   0x00000034   Code   RO          936    i.send_ACK          drv_iic.o
    0x08003b50   0x08003b50   0x00000034   Code   RO          937    i.send_NOACK        drv_iic.o
    0x08003b84   0x08003b84   0x0000005c   Code   RO          938    i.send_data         drv_iic.o
    0x08003be0   0x08003be0   0x000000f0   Code   RO          734    i.send_next_cmd     drv_esp12f.o
    0x08003cd0   0x08003cd0   0x0000001c   Code   RO         1004    i.send_voice_hex    drv_asrpro.o
    0x08003cec   0x08003cec   0x000000a4   Code   RO          847    i.sht20_getdata     drv_sht20.o
    0x08003d90   0x08003d90   0x00000008   Code   RO          848    i.sht20_init        drv_sht20.o
    0x08003d98   0x08003d98   0x00000078   Code   RO          849    i.sht20_read        drv_sht20.o
    0x08003e10   0x08003e10   0x00000036   Code   RO          638    i.tim2_delay_init   drv_timer.o
    0x08003e46   0x08003e46   0x00000044   Code   RO          677    i.usart_sendstr     drv_usart.o
    0x08003e8a   0x08003e8a   0x00000028   Code   RO         5966    i.uxListRemove      list.o
    0x08003eb2   0x08003eb2   0x00000002   PAD
    0x08003eb4   0x08003eb4   0x00000088   Code   RO            5    i.vASRProTask       main.o
    0x08003f3c   0x08003f3c   0x00000024   Code   RO            6    i.vDataUpdateTask   main.o
    0x08003f60   0x08003f60   0x00000150   Code   RO            7    i.vInitTask         main.o
    0x080040b0   0x080040b0   0x0000001a   Code   RO         5967    i.vListInitialise   list.o
    0x080040ca   0x080040ca   0x00000006   Code   RO         5968    i.vListInitialiseItem  list.o
    0x080040d0   0x080040d0   0x00000034   Code   RO         5969    i.vListInsert       list.o
    0x08004104   0x08004104   0x00000018   Code   RO         5970    i.vListInsertEnd    list.o
    0x0800411c   0x0800411c   0x00000054   Code   RO         6710    i.vPortEnterCritical  port.o
    0x08004170   0x08004170   0x0000003c   Code   RO         6711    i.vPortExitCritical  port.o
    0x080041ac   0x080041ac   0x00000094   Code   RO         6659    i.vPortFree         heap_4.o
    0x08004240   0x08004240   0x00000020   Code   RO         6712    i.vPortSetupTimerInterrupt  port.o
    0x08004260   0x08004260   0x00000078   Code   RO         6713    i.vPortValidateInterruptPriority  port.o
    0x080042d8   0x080042d8   0x0000002c   Code   RO         6015    i.vQueueAddToRegistry  queue.o
    0x08004304   0x08004304   0x0000004a   Code   RO         6019    i.vQueueWaitForMessageRestricted  queue.o
    0x0800434e   0x0800434e   0x00000002   PAD
    0x08004350   0x08004350   0x000000c8   Code   RO            8    i.vSegScanTask      main.o
    0x08004418   0x08004418   0x00000090   Code   RO            9    i.vServoTask        main.o
    0x080044a8   0x080044a8   0x0000005c   Code   RO         6220    i.vTaskDelay        tasks.o
    0x08004504   0x08004504   0x000000f4   Code   RO         6222    i.vTaskDelete       tasks.o
    0x080045f8   0x080045f8   0x0000000c   Code   RO         6225    i.vTaskMissedYield  tasks.o
    0x08004604   0x08004604   0x00000038   Code   RO         6227    i.vTaskPlaceOnEventList  tasks.o
    0x0800463c   0x0800463c   0x00000040   Code   RO         6228    i.vTaskPlaceOnEventListRestricted  tasks.o
    0x0800467c   0x0800467c   0x000000b0   Code   RO         6230    i.vTaskPriorityInherit  tasks.o
    0x0800472c   0x0800472c   0x00000030   Code   RO         6234    i.vTaskSetTimeOutState  tasks.o
    0x0800475c   0x0800475c   0x00000094   Code   RO         6235    i.vTaskStartScheduler  tasks.o
    0x080047f0   0x080047f0   0x00000010   Code   RO         6237    i.vTaskSuspendAll   tasks.o
    0x08004800   0x08004800   0x0000008c   Code   RO         6238    i.vTaskSwitchContext  tasks.o
    0x0800488c   0x0800488c   0x00000048   Code   RO          939    i.wait_ACK          drv_iic.o
    0x080048d4   0x080048d4   0x0000013c   Code   RO         6714    i.xPortStartScheduler  port.o
    0x08004a10   0x08004a10   0x00000058   Code   RO         6022    i.xQueueGenericCreate  queue.o
    0x08004a68   0x08004a68   0x000001c4   Code   RO         6023    i.xQueueGenericReceive  queue.o
    0x08004c2c   0x08004c2c   0x00000098   Code   RO         6024    i.xQueueGenericReset  queue.o
    0x08004cc4   0x08004cc4   0x000001a8   Code   RO         6025    i.xQueueGenericSend  queue.o
    0x08004e6c   0x08004e6c   0x000000f8   Code   RO         6026    i.xQueueGenericSendFromISR  queue.o
    0x08004f64   0x08004f64   0x000000e0   Code   RO         6027    i.xQueueGiveFromISR  queue.o
    0x08005044   0x08005044   0x0000008c   Code   RO         6239    i.xTaskCheckForTimeOut  tasks.o
    0x080050d0   0x080050d0   0x00000060   Code   RO         6240    i.xTaskCreate       tasks.o
    0x08005130   0x08005130   0x00000020   Code   RO         6244    i.xTaskGetSchedulerState  tasks.o
    0x08005150   0x08005150   0x0000000c   Code   RO         6245    i.xTaskGetTickCount  tasks.o
    0x0800515c   0x0800515c   0x00000148   Code   RO         6247    i.xTaskIncrementTick  tasks.o
    0x080052a4   0x080052a4   0x000000c8   Code   RO         6250    i.xTaskPriorityDisinherit  tasks.o
    0x0800536c   0x0800536c   0x00000098   Code   RO         6251    i.xTaskRemoveFromEventList  tasks.o
    0x08005404   0x08005404   0x00000104   Code   RO         6253    i.xTaskResumeAll    tasks.o
    0x08005508   0x08005508   0x00000058   Code   RO         6551    i.xTimerCreateTimerTask  timers.o
    0x08005560   0x08005560   0x00000084   Code   RO         6552    i.xTimerGenericCommand  timers.o
    0x080055e4   0x080055e4   0x000000b8   Data   RO          737    .conststring        drv_esp12f.o
    0x0800569c   0x0800569c   0x00000030   Data   RO         7110    Region$$Table       anon$$obj.o


    Execution Region RW_IRAM2 (Exec base: 0x10000000, Load base: 0x080056cc, Size: 0x000007a0, Max: 0x00010000, ABSOLUTE, COMPRESSED[0x00000044])

    Exec Addr    Load Addr    Size         Type   Attr      Idx    E Section Name        Object

    0x10000000   COMPRESSED   0x00000006   Data   RW           10    .data               main.o
    0x10000006   COMPRESSED   0x00000002   PAD
    0x10000008   COMPRESSED   0x00000011   Data   RW          268    .data               stm32f4xx_it.o
    0x10000019   COMPRESSED   0x00000003   PAD
    0x1000001c   COMPRESSED   0x00000008   Data   RW          389    .data               drv_systick.o
    0x10000024   COMPRESSED   0x00000004   Data   RW          678    .data               drv_usart.o
    0x10000028   COMPRESSED   0x0000004c   Data   RW          738    .data               drv_esp12f.o
    0x10000074   COMPRESSED   0x00000004   Data   RW          803    .data               74hc595.o
    0x10000078   COMPRESSED   0x00000008   Data   RW          851    .data               drv_sht20.o
    0x10000080   COMPRESSED   0x00000002   Data   RW         1006    .data               drv_asrpro.o
    0x10000082   COMPRESSED   0x00000002   PAD
    0x10000084   COMPRESSED   0x0000000f   Data   RW         1039    .data               drv_sg90.o
    0x10000093   COMPRESSED   0x00000001   PAD
    0x10000094   COMPRESSED   0x00000014   Data   RW         1093    .data               system_stm32f4xx.o
    0x100000a8   COMPRESSED   0x00000010   Data   RW         3764    .data               stm32f4xx_rcc.o
    0x100000b8   COMPRESSED   0x0000003c   Data   RW         6256    .data               tasks.o
    0x100000f4   COMPRESSED   0x00000014   Data   RW         6558    .data               timers.o
    0x10000108   COMPRESSED   0x00000018   Data   RW         6664    .data               heap_4.o
    0x10000120   COMPRESSED   0x0000000c   Data   RW         6715    .data               port.o
    0x1000012c   COMPRESSED   0x00000004   Data   RW         7086    .data               mc_w.l(stdout.o)
    0x10000130        -       0x0000003e   Zero   RW          267    .bss                stm32f4xx_it.o
    0x1000016e        -       0x00000100   Zero   RW          735    .bss                drv_esp12f.o
    0x1000026e   COMPRESSED   0x00000002   PAD
    0x10000270        -       0x00000040   Zero   RW         6034    .bss                queue.o
    0x100002b0        -       0x000000c8   Zero   RW         6255    .bss                tasks.o
    0x10000378        -       0x00000028   Zero   RW         6557    .bss                timers.o
    0x100003a0        -       0x00000400   Zero   RW         5852    STACK               startup_stm32f40_41xxx.o


    Execution Region RW_IRAM1 (Exec base: 0x20000000, Load base: 0x080056cc, Size: 0x00012c00, Max: 0x00020000, ABSOLUTE)

    Exec Addr    Load Addr    Size         Type   Attr      Idx    E Section Name        Object

    0x20000000        -       0x00012c00   Zero   RW         6663    .bss                heap_4.o


==============================================================================

Image component sizes


      Code (inc. data)   RO Data    RW Data    ZI Data      Debug   Object Name

       212         38          0          4          0       2797   74hc595.o
        28         10          0          2          0       1347   drv_asrpro.o
        96         22          0          0          0       1453   drv_beep.o
      2120        846        184         76        256       4950   drv_esp12f.o
        92         12          0          0          0       1546   drv_fan.o
       616         48          0          0          0       5592   drv_iic.o
       164          4          0          0          0        699   drv_key.o
       740         24          0          0          0       2205   drv_led.o
        92         12          0          0          0       1588   drv_motor.o
       944         72          0         15          0       4907   drv_sg90.o
       292         30          0          8          0       2611   drv_sht20.o
       224         12          0          0          0       1252   drv_spi2.o
       116          6          0          8          0       1360   drv_systick.o
       466         14          0          0          0       1979   drv_timer.o
       720         38          0          4          0       5438   drv_usart.o
         0          0          0          0          0      11824   event_groups.o
       692         62          0         24      76800       4599   heap_4.o
       148          0          0          0          0       3422   list.o
       936        190          0          6          0     315306   main.o
       140         24          0          0          0       1871   misc.o
       954         92          0         12          0      11669   port.o
      2096         22          0          0         64      15249   queue.o
        36          8        392          0       1024        940   startup_stm32f40_41xxx.o
       148          6          0          0          0       1228   stm32f4xx_exti.o
       240          0          0          0          0       4031   stm32f4xx_gpio.o
       420         58          0         17         62      11554   stm32f4xx_it.o
       328         36          0         16          0       5091   stm32f4xx_rcc.o
       106          0          0          0          0       3380   stm32f4xx_spi.o
        64          4          0          0          0        712   stm32f4xx_syscfg.o
       910         66          0          0          0      13549   stm32f4xx_tim.o
       478          8          0          0          0       7449   stm32f4xx_usart.o
       340         32          0         20          0       2297   system_stm32f4xx.o
      3078        410          0         60        200      23711   tasks.o
      1142        118          0         20         40       9671   timers.o

    ----------------------------------------------------------------------
     19198       2324        624        300      78448     487277   Object Totals
         0          0         48          0          0          0   (incl. Generated)
        20          0          0          8          2          0   (incl. Padding)

    ----------------------------------------------------------------------

      Code (inc. data)   RO Data    RW Data    ZI Data      Debug   Library Member Name

        86          0          0          0          0          0   __dczerorl2.o
         0          0          0          0          0          0   entry.o
         0          0          0          0          0          0   entry10a.o
         0          0          0          0          0          0   entry11a.o
         8          4          0          0          0          0   entry2.o
         4          0          0          0          0          0   entry5.o
         0          0          0          0          0          0   entry7b.o
         0          0          0          0          0          0   entry8b.o
         8          4          0          0          0          0   entry9a.o
        30          0          0          0          0          0   handlers.o
        36          8          0          0          0         68   init.o
         0          0          0          0          0          0   iusefp.o
        30          0          0          0          0         68   llshl.o
        36          0          0          0          0         68   llsshr.o
        32          0          0          0          0         68   llushr.o
        36          0          0          0          0         68   memcpya.o
        36          0          0          0          0        108   memseta.o
       916         20          0          0          0        504   printf6.o
         0          0          0          4          0          0   stdout.o
        20          0          0          0          0         68   strchr.o
        28          0          0          0          0         76   strcmp.o
        18          0          0          0          0         68   strcpy.o
        14          0          0          0          0         68   strlen.o
        24          0          0          0          0         76   strncpy.o
        36          0          0          0          0         80   strstr.o
        44          0          0          0          0         80   uidiv.o
        56          0          0          0          0         88   d2f.o
       334          0          0          0          0        148   dadd.o
       186          0          0          0          0        176   depilogue.o
       228          0          0          0          0         96   dmul.o
        38          0          0          0          0         68   f2d.o
       110          0          0          0          0        168   fepilogue.o

    ----------------------------------------------------------------------
      2398         36          0          4          0       2212   Library Totals
         4          0          0          0          0          0   (incl. Padding)

    ----------------------------------------------------------------------

      Code (inc. data)   RO Data    RW Data    ZI Data      Debug   Library Name

      1442         36          0          4          0       1468   mc_w.l
       952          0          0          0          0        744   mf_w.l

    ----------------------------------------------------------------------
      2398         36          0          4          0       2212   Library Totals

    ----------------------------------------------------------------------

==============================================================================


      Code (inc. data)   RO Data    RW Data    ZI Data      Debug   

     21596       2360        624        304      78448     470629   Grand Totals
     21596       2360        624         68      78448     470629   ELF Image Totals (compressed)
     21596       2360        624         68          0          0   ROM Totals

==============================================================================

    Total RO  Size (Code + RO Data)                22220 (  21.70kB)
    Total RW  Size (RW Data + ZI Data)             78752 (  76.91kB)
    Total ROM Size (Code + RO Data + RW Data)      22288 (  21.77kB)

==============================================================================

